14:14:49 **** Incremental Build of configuration Debug for project led_1 ****
make -j4 all 
arm-none-eabi-gcc "../Core/Src/main.c" -mcpu=cortex-m4 -std=gnu11 -g3 -DDEBUG -DUSE_HAL_DRIVER -DSTM32F302x8 -c -I../Core/Inc -I../Drivers/STM32F3xx_HAL_Driver/Inc -I../Drivers/STM32F3xx_HAL_Driver/Inc/Legacy -I../Drivers/CMSIS/Device/ST/STM32F3xx/Include -I../Drivers/CMSIS/Include -O0 -ffunction-sections -fdata-sections -Wall -fstack-usage -MMD -MP -MF"Core/Src/main.d" -MT"Core/Src/main.o" --specs=nano.specs -mfpu=fpv4-sp-d16 -mfloat-abi=hard -mthumb -o "Core/Src/main.o"
arm-none-eabi-gcc -o "led_1.elf" @"objects.list"   -mcpu=cortex-m4 -T"B:\stm32f302 projects\stm32f302 workspace\led_1\STM32F302R8TX_FLASH.ld" --specs=nosys.specs -Wl,-Map="led_1.map" -Wl,--gc-sections -static --specs=nano.specs -mfpu=fpv4-sp-d16 -mfloat-abi=hard -mthumb -Wl,--start-group -lc -lm -Wl,--end-group
Finished building target: led_1.elf
 
arm-none-eabi-size   led_1.elf 
arm-none-eabi-objdump -h -S  led_1.elf  > "led_1.list"
   text	   data	    bss	    dec	    hex	filename
   8036	     20	   1572	   9628	   259c	led_1.elf
Finished building: default.size.stdout
 
Finished building: led_1.list
 

14:14:50 Build Finished. 0 errors, 0 warnings. (took 680ms)

