13:53:13 **** Incremental Build of configuration Debug for project timer_stm32f302 ****
make -j4 all 
arm-none-eabi-gcc "../Core/Src/main.c" -mcpu=cortex-m4 -std=gnu11 -g3 -DDEBUG -DUSE_HAL_DRIVER -DSTM32F302x8 -c -I../Core/Inc -I../Drivers/STM32F3xx_HAL_Driver/Inc -I../Drivers/STM32F3xx_HAL_Driver/Inc/Legacy -I../Drivers/CMSIS/Device/ST/STM32F3xx/Include -I../Drivers/CMSIS/Include -O0 -ffunction-sections -fdata-sections -Wall -fstack-usage -fcyclomatic-complexity -MMD -MP -MF"Core/Src/main.d" -MT"Core/Src/main.o" --specs=nano.specs -mfpu=fpv4-sp-d16 -mfloat-abi=hard -mthumb -o "Core/Src/main.o"
arm-none-eabi-gcc -o "timer_stm32f302.elf" @"objects.list"   -mcpu=cortex-m4 -T"B:\stm32f302 projects\stm32f302 workspace\timer_stm32f302\STM32F302R8TX_FLASH.ld" --specs=nosys.specs -Wl,-Map="timer_stm32f302.map" -Wl,--gc-sections -static --specs=nano.specs -mfpu=fpv4-sp-d16 -mfloat-abi=hard -mthumb -Wl,--start-group -lc -lm -Wl,--end-group
Finished building target: timer_stm32f302.elf
 
arm-none-eabi-size  timer_stm32f302.elf 
arm-none-eabi-objdump -h -S timer_stm32f302.elf  > "timer_stm32f302.list"
   text	   data	    bss	    dec	    hex	filename
  11480	     12	   1660	  13152	   3360	timer_stm32f302.elf
Finished building: default.size.stdout
 
Finished building: timer_stm32f302.list
 

13:53:14 Build Finished. 0 errors, 0 warnings. (took 962ms)

