12:42:57 **** Incremental Build of configuration Debug for project uart_unknown_length ****
make -j4 all 
arm-none-eabi-gcc "../Core/Src/main.c" -mcpu=cortex-m4 -std=gnu11 -g3 -DDEBUG -DUSE_HAL_DRIVER -DSTM32F302x8 -c -I../Core/Inc -I../Drivers/STM32F3xx_HAL_Driver/Inc -I../Drivers/STM32F3xx_HAL_Driver/Inc/Legacy -I../Drivers/CMSIS/Device/ST/STM32F3xx/Include -I../Drivers/CMSIS/Include -O0 -ffunction-sections -fdata-sections -Wall -fstack-usage -fcyclomatic-complexity -MMD -MP -MF"Core/Src/main.d" -MT"Core/Src/main.o" --specs=nano.specs -mfpu=fpv4-sp-d16 -mfloat-abi=hard -mthumb -o "Core/Src/main.o"
arm-none-eabi-gcc -o "uart_unknown_length.elf" @"objects.list"   -mcpu=cortex-m4 -T"B:\stm32f302 projects\stm32f302 workspace\uart_unknown_length\STM32F302R8TX_FLASH.ld" --specs=nosys.specs -Wl,-Map="uart_unknown_length.map" -Wl,--gc-sections -static --specs=nano.specs -mfpu=fpv4-sp-d16 -mfloat-abi=hard -mthumb -Wl,--start-group -lc -lm -Wl,--end-group
Finished building target: uart_unknown_length.elf
 
arm-none-eabi-size  uart_unknown_length.elf 
arm-none-eabi-objdump -h -S uart_unknown_length.elf  > "uart_unknown_length.list"
   text	   data	    bss	    dec	    hex	filename
  15332	     12	   1948	  17292	   438c	uart_unknown_length.elf
Finished building: default.size.stdout
 
Finished building: uart_unknown_length.list
 

12:42:58 Build Finished. 0 errors, 0 warnings. (took 808ms)

