15:39:14 **** Incremental Build of configuration Debug for project uart_it ****
make -j4 all 
arm-none-eabi-gcc "../Core/Src/main.c" -mcpu=cortex-m4 -std=gnu11 -g3 -DDEBUG -DUSE_HAL_DRIVER -DSTM32F302x8 -c -I../Core/Inc -I../Drivers/STM32F3xx_HAL_Driver/Inc -I../Drivers/STM32F3xx_HAL_Driver/Inc/Legacy -I../Drivers/CMSIS/Device/ST/STM32F3xx/Include -I../Drivers/CMSIS/Include -O0 -ffunction-sections -fdata-sections -Wall -fstack-usage -fcyclomatic-complexity -MMD -MP -MF"Core/Src/main.d" -MT"Core/Src/main.o" --specs=nano.specs -mfpu=fpv4-sp-d16 -mfloat-abi=hard -mthumb -o "Core/Src/main.o"
arm-none-eabi-gcc -o "uart_it.elf" @"objects.list"   -mcpu=cortex-m4 -T"B:\stm32f302 projects\stm32f302 workspace\uart_it\STM32F302R8TX_FLASH.ld" --specs=nosys.specs -Wl,-Map="uart_it.map" -Wl,--gc-sections -static --specs=nano.specs -mfpu=fpv4-sp-d16 -mfloat-abi=hard -mthumb -Wl,--start-group -lc -lm -Wl,--end-group
Finished building target: uart_it.elf
 
arm-none-eabi-size  uart_it.elf 
arm-none-eabi-objdump -h -S uart_it.elf  > "uart_it.list"
   text	   data	    bss	    dec	    hex	filename
  12948	     20	   1708	  14676	   3954	uart_it.elf
Finished building: default.size.stdout
 
Finished building: uart_it.list
 

15:39:16 Build Finished. 0 errors, 0 warnings. (took 1s.313ms)

