../Core/Src/main.c:115:6:sendCommandToDwin	1
../Core/Src/main.c:127:6:press_30	1
../Core/Src/main.c:132:6:release_30	1
../Core/Src/main.c:137:6:press_60	1
../Core/Src/main.c:141:6:press_90	1
../Core/Src/main.c:146:6:press_120	1
../Core/Src/main.c:150:6:press_150	1
../Core/Src/main.c:154:6:press_180	1
../Core/Src/main.c:158:6:press_0	1
../Core/Src/main.c:162:6:release_60	1
../Core/Src/main.c:167:6:release_90	1
../Core/Src/main.c:172:6:release_120	1
../Core/Src/main.c:176:6:release_150	1
../Core/Src/main.c:180:6:release_180	1
../Core/Src/main.c:184:6:release_0	1
../Core/Src/main.c:189:6:page_change	1
../Core/Src/main.c:199:6:HAL_UART_TxCpltCallback	2
../Core/Src/main.c:209:6:servo_value	2
../Core/Src/main.c:219:6:button_func	13
../Core/Src/main.c:307:6:process_received_data	33
../Core/Src/main.c:370:6:HAL_UART_RxCpltCallback	2
../Core/Src/main.c:379:10:MAP	1
../Core/Src/main.c:384:6:HAL_TIM_PWM_PulseFinishedCallback	1
../Core/Src/main.c:390:6:increment_servo	4
../Core/Src/main.c:422:5:main	26
../Core/Src/main.c:592:6:SystemClock_Config	4
../Core/Src/main.c:638:13:MX_TIM2_Init	6
../Core/Src/main.c:697:13:MX_USART1_UART_Init	2
../Core/Src/main.c:732:13:MX_GPIO_Init	1
../Core/Src/main.c:776:6:Error_Handler	1
