Archive member included to satisfy reference by file (symbol)

C:/ST/STM32CubeIDE_1.11.2/STM32CubeIDE/plugins/com.st.stm32cube.ide.mcu.externaltools.gnu-tools-for-stm32.12.3.rel1.win32_1.0.100.202403111256/tools/bin/../lib/gcc/arm-none-eabi/12.3.1/../../../../arm-none-eabi/lib/thumb/v7e-m+fp/hard\libc_nano.a(libc_a-exit.o)
                              C:/ST/STM32CubeIDE_1.11.2/STM32CubeIDE/plugins/com.st.stm32cube.ide.mcu.externaltools.gnu-tools-for-stm32.12.3.rel1.win32_1.0.100.202403111256/tools/bin/../lib/gcc/arm-none-eabi/12.3.1/../../../../arm-none-eabi/lib/thumb/v7e-m+fp/hard/crt0.o (exit)
C:/ST/STM32CubeIDE_1.11.2/STM32CubeIDE/plugins/com.st.stm32cube.ide.mcu.externaltools.gnu-tools-for-stm32.12.3.rel1.win32_1.0.100.202403111256/tools/bin/../lib/gcc/arm-none-eabi/12.3.1/../../../../arm-none-eabi/lib/thumb/v7e-m+fp/hard\libc_nano.a(libc_a-findfp.o)
                              C:/ST/STM32CubeIDE_1.11.2/STM32CubeIDE/plugins/com.st.stm32cube.ide.mcu.externaltools.gnu-tools-for-stm32.12.3.rel1.win32_1.0.100.202403111256/tools/bin/../lib/gcc/arm-none-eabi/12.3.1/../../../../arm-none-eabi/lib/thumb/v7e-m+fp/hard\libc_nano.a(libc_a-exit.o) (__stdio_exit_handler)
C:/ST/STM32CubeIDE_1.11.2/STM32CubeIDE/plugins/com.st.stm32cube.ide.mcu.externaltools.gnu-tools-for-stm32.12.3.rel1.win32_1.0.100.202403111256/tools/bin/../lib/gcc/arm-none-eabi/12.3.1/../../../../arm-none-eabi/lib/thumb/v7e-m+fp/hard\libc_nano.a(libc_a-fwalk.o)
                              C:/ST/STM32CubeIDE_1.11.2/STM32CubeIDE/plugins/com.st.stm32cube.ide.mcu.externaltools.gnu-tools-for-stm32.12.3.rel1.win32_1.0.100.202403111256/tools/bin/../lib/gcc/arm-none-eabi/12.3.1/../../../../arm-none-eabi/lib/thumb/v7e-m+fp/hard\libc_nano.a(libc_a-findfp.o) (_fwalk_sglue)
C:/ST/STM32CubeIDE_1.11.2/STM32CubeIDE/plugins/com.st.stm32cube.ide.mcu.externaltools.gnu-tools-for-stm32.12.3.rel1.win32_1.0.100.202403111256/tools/bin/../lib/gcc/arm-none-eabi/12.3.1/../../../../arm-none-eabi/lib/thumb/v7e-m+fp/hard\libc_nano.a(libc_a-stdio.o)
                              C:/ST/STM32CubeIDE_1.11.2/STM32CubeIDE/plugins/com.st.stm32cube.ide.mcu.externaltools.gnu-tools-for-stm32.12.3.rel1.win32_1.0.100.202403111256/tools/bin/../lib/gcc/arm-none-eabi/12.3.1/../../../../arm-none-eabi/lib/thumb/v7e-m+fp/hard\libc_nano.a(libc_a-findfp.o) (__sread)
C:/ST/STM32CubeIDE_1.11.2/STM32CubeIDE/plugins/com.st.stm32cube.ide.mcu.externaltools.gnu-tools-for-stm32.12.3.rel1.win32_1.0.100.202403111256/tools/bin/../lib/gcc/arm-none-eabi/12.3.1/../../../../arm-none-eabi/lib/thumb/v7e-m+fp/hard\libc_nano.a(libc_a-memset.o)
                              C:/ST/STM32CubeIDE_1.11.2/STM32CubeIDE/plugins/com.st.stm32cube.ide.mcu.externaltools.gnu-tools-for-stm32.12.3.rel1.win32_1.0.100.202403111256/tools/bin/../lib/gcc/arm-none-eabi/12.3.1/../../../../arm-none-eabi/lib/thumb/v7e-m+fp/hard/crt0.o (memset)
C:/ST/STM32CubeIDE_1.11.2/STM32CubeIDE/plugins/com.st.stm32cube.ide.mcu.externaltools.gnu-tools-for-stm32.12.3.rel1.win32_1.0.100.202403111256/tools/bin/../lib/gcc/arm-none-eabi/12.3.1/../../../../arm-none-eabi/lib/thumb/v7e-m+fp/hard\libc_nano.a(libc_a-closer.o)
                              C:/ST/STM32CubeIDE_1.11.2/STM32CubeIDE/plugins/com.st.stm32cube.ide.mcu.externaltools.gnu-tools-for-stm32.12.3.rel1.win32_1.0.100.202403111256/tools/bin/../lib/gcc/arm-none-eabi/12.3.1/../../../../arm-none-eabi/lib/thumb/v7e-m+fp/hard\libc_nano.a(libc_a-stdio.o) (_close_r)
C:/ST/STM32CubeIDE_1.11.2/STM32CubeIDE/plugins/com.st.stm32cube.ide.mcu.externaltools.gnu-tools-for-stm32.12.3.rel1.win32_1.0.100.202403111256/tools/bin/../lib/gcc/arm-none-eabi/12.3.1/../../../../arm-none-eabi/lib/thumb/v7e-m+fp/hard\libc_nano.a(libc_a-reent.o)
                              C:/ST/STM32CubeIDE_1.11.2/STM32CubeIDE/plugins/com.st.stm32cube.ide.mcu.externaltools.gnu-tools-for-stm32.12.3.rel1.win32_1.0.100.202403111256/tools/bin/../lib/gcc/arm-none-eabi/12.3.1/../../../../arm-none-eabi/lib/thumb/v7e-m+fp/hard\libc_nano.a(libc_a-closer.o) (errno)
C:/ST/STM32CubeIDE_1.11.2/STM32CubeIDE/plugins/com.st.stm32cube.ide.mcu.externaltools.gnu-tools-for-stm32.12.3.rel1.win32_1.0.100.202403111256/tools/bin/../lib/gcc/arm-none-eabi/12.3.1/../../../../arm-none-eabi/lib/thumb/v7e-m+fp/hard\libc_nano.a(libc_a-impure.o)
                              C:/ST/STM32CubeIDE_1.11.2/STM32CubeIDE/plugins/com.st.stm32cube.ide.mcu.externaltools.gnu-tools-for-stm32.12.3.rel1.win32_1.0.100.202403111256/tools/bin/../lib/gcc/arm-none-eabi/12.3.1/../../../../arm-none-eabi/lib/thumb/v7e-m+fp/hard\libc_nano.a(libc_a-reent.o) (_impure_ptr)
C:/ST/STM32CubeIDE_1.11.2/STM32CubeIDE/plugins/com.st.stm32cube.ide.mcu.externaltools.gnu-tools-for-stm32.12.3.rel1.win32_1.0.100.202403111256/tools/bin/../lib/gcc/arm-none-eabi/12.3.1/../../../../arm-none-eabi/lib/thumb/v7e-m+fp/hard\libc_nano.a(libc_a-lseekr.o)
[...]
Memory Configuration

Name             Origin             Length             Attributes
RAM              0x20000000         0x00004000         xrw
FLASH            0x08000000         0x00010000         xr
*default*        0x00000000         0xffffffff

Linker script and memory map

LOAD C:/ST/STM32CubeIDE_1.11.2/STM32CubeIDE/plugins/com.st.stm32cube.ide.mcu.externaltools.gnu-tools-for-stm32.12.3.rel1.win32_1.0.100.202403111256/tools/bin/../lib/gcc/arm-none-eabi/12.3.1/thumb/v7e-m+fp/hard/crti.o
LOAD C:/ST/STM32CubeIDE_1.11.2/STM32CubeIDE/plugins/com.st.stm32cube.ide.mcu.externaltools.gnu-tools-for-stm32.12.3.rel1.win32_1.0.100.202403111256/tools/bin/../lib/gcc/arm-none-eabi/12.3.1/thumb/v7e-m+fp/hard/crtbegin.o
LOAD C:/ST/STM32CubeIDE_1.11.2/STM32CubeIDE/plugins/com.st.stm32cube.ide.mcu.externaltools.gnu-tools-for-stm32.12.3.rel1.win32_1.0.100.202403111256/tools/bin/../lib/gcc/arm-none-eabi/12.3.1/../../../../arm-none-eabi/lib/thumb/v7e-m+fp/hard/crt0.o
LOAD ./Core/Src/main.o
LOAD ./Core/Src/stm32f3xx_hal_msp.o
LOAD ./Core/Src/stm32f3xx_it.o
LOAD ./Core/Src/syscalls.o
LOAD ./Core/Src/sysmem.o
LOAD ./Core/Src/system_stm32f3xx.o
LOAD ./Core/Startup/startup_stm32f302r8tx.o
LOAD ./Drivers/STM32F3xx_HAL_Driver/Src/stm32f3xx_hal.o
LOAD ./Drivers/STM32F3xx_HAL_Driver/Src/stm32f3xx_hal_cortex.o
LOAD ./Drivers/STM32F3xx_HAL_Driver/Src/stm32f3xx_hal_dma.o
LOAD ./Drivers/STM32F3xx_HAL_Driver/Src/stm32f3xx_hal_exti.o
LOAD ./Drivers/STM32F3xx_HAL_Driver/Src/stm32f3xx_hal_flash.o
LOAD ./Drivers/STM32F3xx_HAL_Driver/Src/stm32f3xx_hal_flash_ex.o
LOAD ./Drivers/STM32F3xx_HAL_Driver/Src/stm32f3xx_hal_gpio.o
LOAD ./Drivers/STM32F3xx_HAL_Driver/Src/stm32f3xx_hal_i2c.o
LOAD ./Drivers/STM32F3xx_HAL_Driver/Src/stm32f3xx_hal_i2c_ex.o
LOAD ./Drivers/STM32F3xx_HAL_Driver/Src/stm32f3xx_hal_pwr.o
LOAD ./Drivers/STM32F3xx_HAL_Driver/Src/stm32f3xx_hal_pwr_ex.o
LOAD ./Drivers/STM32F3xx_HAL_Driver/Src/stm32f3xx_hal_rcc.o
LOAD ./Drivers/STM32F3xx_HAL_Driver/Src/stm32f3xx_hal_rcc_ex.o
LOAD ./Drivers/STM32F3xx_HAL_Driver/Src/stm32f3xx_hal_tim.o
LOAD ./Drivers/STM32F3xx_HAL_Driver/Src/stm32f3xx_hal_tim_ex.o
LOAD ./Drivers/STM32F3xx_HAL_Driver/Src/stm32f3xx_hal_uart.o
LOAD ./Drivers/STM32F3xx_HAL_Driver/Src/stm32f3xx_hal_uart_ex.o
START GROUP
LOAD C:/ST/STM32CubeIDE_1.11.2/STM32CubeIDE/plugins/com.st.stm32cube.ide.mcu.externaltools.gnu-tools-for-stm32.12.3.rel1.win32_1.0.100.202403111256/tools/bin/../lib/gcc/arm-none-eabi/12.3.1/../../../../arm-none-eabi/lib/thumb/v7e-m+fp/hard\libc_nano.a
LOAD C:/ST/STM32CubeIDE_1.11.2/STM32CubeIDE/plugins/com.st.stm32cube.ide.mcu.externaltools.gnu-tools-for-stm32.12.3.rel1.win32_1.0.100.202403111256/tools/bin/../lib/gcc/arm-none-eabi/12.3.1/../../../../arm-none-eabi/lib/thumb/v7e-m+fp/hard\libm.a
END GROUP
START GROUP
LOAD C:/ST/STM32CubeIDE_1.11.2/STM32CubeIDE/plugins/com.st.stm32cube.ide.mcu.externaltools.gnu-tools-for-stm32.12.3.rel1.win32_1.0.100.202403111256/tools/bin/../lib/gcc/arm-none-eabi/12.3.1/thumb/v7e-m+fp/hard\libgcc.a
LOAD C:/ST/STM32CubeIDE_1.11.2/STM32CubeIDE/plugins/com.st.stm32cube.ide.mcu.externaltools.gnu-tools-for-stm32.12.3.rel1.win32_1.0.100.202403111256/tools/bin/../lib/gcc/arm-none-eabi/12.3.1/../../../../arm-none-eabi/lib/thumb/v7e-m+fp/hard\libc_nano.a
END GROUP
START GROUP
LOAD C:/ST/STM32CubeIDE_1.11.2/STM32CubeIDE/plugins/com.st.stm32cube.ide.mcu.externaltools.gnu-tools-for-stm32.12.3.rel1.win32_1.0.100.202403111256/tools/bin/../lib/gcc/arm-none-eabi/12.3.1/thumb/v7e-m+fp/hard\libgcc.a
LOAD C:/ST/STM32CubeIDE_1.11.2/STM32CubeIDE/plugins/com.st.stm32cube.ide.mcu.externaltools.gnu-tools-for-stm32.12.3.rel1.win32_1.0.100.202403111256/tools/bin/../lib/gcc/arm-none-eabi/12.3.1/../../../../arm-none-eabi/lib/thumb/v7e-m+fp/hard\libc_nano.a
LOAD C:/ST/STM32CubeIDE_1.11.2/STM32CubeIDE/plugins/com.st.stm32cube.ide.mcu.externaltools.gnu-tools-for-stm32.12.3.rel1.win32_1.0.100.202403111256/tools/bin/../lib/gcc/arm-none-eabi/12.3.1/../../../../arm-none-eabi/lib/thumb/v7e-m+fp/hard\libnosys.a
END GROUP
START GROUP
LOAD C:/ST/STM32CubeIDE_1.11.2/STM32CubeIDE/plugins/com.st.stm32cube.ide.mcu.externaltools.gnu-tools-for-stm32.12.3.rel1.win32_1.0.100.202403111256/tools/bin/../lib/gcc/arm-none-eabi/12.3.1/thumb/v7e-m+fp/hard\libgcc.a
LOAD C:/ST/STM32CubeIDE_1.11.2/STM32CubeIDE/plugins/com.st.stm32cube.ide.mcu.externaltools.gnu-tools-for-stm32.12.3.rel1.win32_1.0.100.202403111256/tools/bin/../lib/gcc/arm-none-eabi/12.3.1/../../../../arm-none-eabi/lib/thumb/v7e-m+fp/hard\libc_nano.a
LOAD C:/ST/STM32CubeIDE_1.11.2/STM32CubeIDE/plugins/com.st.stm32cube.ide.mcu.externaltools.gnu-tools-for-stm32.12.3.rel1.win32_1.0.100.202403111256/tools/bin/../lib/gcc/arm-none-eabi/12.3.1/../../../../arm-none-eabi/lib/thumb/v7e-m+fp/hard\libnosys.a
END GROUP
LOAD C:/ST/STM32CubeIDE_1.11.2/STM32CubeIDE/plugins/com.st.stm32cube.ide.mcu.externaltools.gnu-tools-for-stm32.12.3.rel1.win32_1.0.100.202403111256/tools/bin/../lib/gcc/arm-none-eabi/12.3.1/thumb/v7e-m+fp/hard/crtend.o
LOAD C:/ST/STM32CubeIDE_1.11.2/STM32CubeIDE/plugins/com.st.stm32cube.ide.mcu.externaltools.gnu-tools-for-stm32.12.3.rel1.win32_1.0.100.202403111256/tools/bin/../lib/gcc/arm-none-eabi/12.3.1/thumb/v7e-m+fp/hard/crtn.o
                0x20004000                        _estack = (ORIGIN (RAM) + LENGTH (RAM))
                0x00000200                        _Min_Heap_Size = 0x200
                0x00000400                        _Min_Stack_Size = 0x400

.isr_vector     0x08000000      0x188
                0x08000000                        . = ALIGN (0x4)
 *(.isr_vector)
 .isr_vector    0x08000000      0x188 ./Core/Startup/startup_stm32f302r8tx.o
                0x08000000                g_pfnVectors
                0x08000188                        . = ALIGN (0x4)

.text           0x08000188     0x5630
                0x08000188                        . = ALIGN (0x4)
 *(.text)
 .text          0x08000188       0x40 C:/ST/STM32CubeIDE_1.11.2/STM32CubeIDE/plugins/com.st.stm32cube.ide.mcu.externaltools.gnu-tools-for-stm32.12.3.rel1.win32_1.0.100.202403111256/tools/bin/../lib/gcc/arm-none-eabi/12.3.1/thumb/v7e-m+fp/hard/crtbegin.o
 *(.text*)
 .text.sendCommandToDwin
                0x080001c8       0x48 ./Core/Src/main.o
                0x080001c8                sendCommandToDwin
 .text.press_30
                0x08000210       0x14 ./Core/Src/main.o
                0x08000210                press_30
 .text.release_30
                0x08000224       0x14 ./Core/Src/main.o
                0x08000224                release_30
 .text.press_60
                0x08000238       0x14 ./Core/Src/main.o
                0x08000238                press_60
 .text.press_90
                0x0800024c       0x14 ./Core/Src/main.o
                0x0800024c                press_90
 .text.press_120
                0x08000260       0x14 ./Core/Src/main.o
                0x08000260                press_120
 .text.press_150
                0x08000274       0x14 ./Core/Src/main.o
                0x08000274                press_150
 .text.press_180
                0x08000288       0x14 ./Core/Src/main.o
                0x08000288                press_180
 .text.press_0  0x0800029c       0x14 ./Core/Src/main.o
                0x0800029c                press_0
 .text.release_60
                0x080002b0       0x14 ./Core/Src/main.o
                0x080002b0                release_60
 .text.release_90
                0x080002c4       0x14 ./Core/Src/main.o
                0x080002c4                release_90
 .text.release_120
                0x080002d8       0x14 ./Core/Src/main.o
                0x080002d8                release_120
 .text.release_150
                0x080002ec       0x14 ./Core/Src/main.o
                0x080002ec                release_150
 .text.release_180
                0x08000300       0x14 ./Core/Src/main.o
                0x08000300                release_180
 .text.release_0
                0x08000314       0x14 ./Core/Src/main.o
                0x08000314                release_0
 .text.page_change
                0x08000328       0x24 ./Core/Src/main.o
                0x08000328                page_change
 .text.HAL_UART_TxCpltCallback
                0x0800034c       0x38 ./Core/Src/main.o
                0x0800034c                HAL_UART_TxCpltCallback
 .text.servo_value
                0x08000384       0x44 ./Core/Src/main.o
                0x08000384                servo_value
 .text.button_func
                0x080003c8      0x160 ./Core/Src/main.o
                0x080003c8                button_func
 .text.process_received_data
                0x08000528      0x170 ./Core/Src/main.o
                0x08000528                process_received_data
 .text.HAL_UART_RxCpltCallback
                0x08000698       0x3c ./Core/Src/main.o
                0x08000698                HAL_UART_RxCpltCallback
 .text.MAP      0x080006d4       0x38 ./Core/Src/main.o
                0x080006d4                MAP
 .text.HAL_TIM_PWM_PulseFinishedCallback
                0x0800070c       0x20 ./Core/Src/main.o
                0x0800070c                HAL_TIM_PWM_PulseFinishedCallback
 .text.increment_servo
                0x0800072c       0x78 ./Core/Src/main.o
                0x0800072c                increment_servo
 .text.main     0x080007a4      0x2c8 ./Core/Src/main.o
                0x080007a4                main
 .text.SystemClock_Config
                0x08000a6c       0xac ./Core/Src/main.o
                0x08000a6c                SystemClock_Config
 .text.MX_TIM2_Init
                0x08000b18       0xf0 ./Core/Src/main.o
 .text.MX_USART1_UART_Init
                0x08000c08       0x60 ./Core/Src/main.o
 .text.MX_GPIO_Init
                0x08000c68       0xdc ./Core/Src/main.o
 .text.Error_Handler
                0x08000d44        0xc ./Core/Src/main.o
                0x08000d44                Error_Handler
 .text.HAL_MspInit
                0x08000d50       0x48 ./Core/Src/stm32f3xx_hal_msp.o
                0x08000d50                HAL_MspInit
 .text.HAL_TIM_Base_MspInit
                0x08000d98       0x48 ./Core/Src/stm32f3xx_hal_msp.o
                0x08000d98                HAL_TIM_Base_MspInit
 .text.HAL_TIM_MspPostInit
                0x08000de0       0x68 ./Core/Src/stm32f3xx_hal_msp.o
                0x08000de0                HAL_TIM_MspPostInit
 .text.HAL_UART_MspInit
                0x08000e48       0x98 ./Core/Src/stm32f3xx_hal_msp.o
                0x08000e48                HAL_UART_MspInit
 .text.NMI_Handler
                0x08000ee0        0x8 ./Core/Src/stm32f3xx_it.o
                0x08000ee0                NMI_Handler
 .text.HardFault_Handler
                0x08000ee8        0x8 ./Core/Src/stm32f3xx_it.o
                0x08000ee8                HardFault_Handler
 .text.MemManage_Handler
                0x08000ef0        0x8 ./Core/Src/stm32f3xx_it.o
                0x08000ef0                MemManage_Handler
 .text.BusFault_Handler
                0x08000ef8        0x8 ./Core/Src/stm32f3xx_it.o
                0x08000ef8                BusFault_Handler
 .text.UsageFault_Handler
                0x08000f00        0x8 ./Core/Src/stm32f3xx_it.o
                0x08000f00                UsageFault_Handler
 .text.SVC_Handler
                0x08000f08        0xe ./Core/Src/stm32f3xx_it.o
                0x08000f08                SVC_Handler
 .text.DebugMon_Handler
                0x08000f16        0xe ./Core/Src/stm32f3xx_it.o
                0x08000f16                DebugMon_Handler
 .text.PendSV_Handler
                0x08000f24        0xe ./Core/Src/stm32f3xx_it.o
                0x08000f24                PendSV_Handler
 .text.SysTick_Handler
                0x08000f32        0xc ./Core/Src/stm32f3xx_it.o
                0x08000f32                SysTick_Handler
 *fill*         0x08000f3e        0x2 
 .text.TIM2_IRQHandler
                0x08000f40       0x14 ./Core/Src/stm32f3xx_it.o
                0x08000f40                TIM2_IRQHandler
 .text.USART1_IRQHandler
                0x08000f54       0x14 ./Core/Src/stm32f3xx_it.o
                0x08000f54                USART1_IRQHandler
 .text.SystemInit
                0x08000f68       0x24 ./Core/Src/system_stm32f3xx.o
                0x08000f68                SystemInit
 .text.Reset_Handler
                0x08000f8c       0x50 ./Core/Startup/startup_stm32f302r8tx.o
                0x08000f8c                Reset_Handler
 .text.Default_Handler
                0x08000fdc        0x2 ./Core/Startup/startup_stm32f302r8tx.o
                0x08000fdc                RTC_Alarm_IRQHandler
                0x08000fdc                TIM1_CC_IRQHandler
                0x08000fdc                USB_HP_IRQHandler
                0x08000fdc                PVD_IRQHandler
                0x08000fdc                TAMP_STAMP_IRQHandler
                0x08000fdc                EXTI3_IRQHandler
                0x08000fdc                I2C3_ER_IRQHandler
                0x08000fdc                USB_HP_CAN_TX_IRQHandler
                0x08000fdc                EXTI0_IRQHandler
                0x08000fdc                I2C2_EV_IRQHandler
                0x08000fdc                FPU_IRQHandler
                0x08000fdc                TIM1_UP_TIM16_IRQHandler
                0x08000fdc                CAN_SCE_IRQHandler
                0x08000fdc                TIM6_DAC_IRQHandler
                0x08000fdc                DMA1_Channel4_IRQHandler
                0x08000fdc                ADC1_IRQHandler
                0x08000fdc                USART3_IRQHandler
                0x08000fdc                DMA1_Channel7_IRQHandler
                0x08000fdc                CAN_RX1_IRQHandler
                0x08000fdc                I2C1_EV_IRQHandler
                0x08000fdc                DMA1_Channel6_IRQHandler
                0x08000fdc                RCC_IRQHandler
                0x08000fdc                DMA1_Channel1_IRQHandler
                0x08000fdc                Default_Handler
                0x08000fdc                USBWakeUp_RMP_IRQHandler
                0x08000fdc                EXTI15_10_IRQHandler
                0x08000fdc                COMP2_IRQHandler
                0x08000fdc                I2C3_EV_IRQHandler
                0x08000fdc                EXTI9_5_IRQHandler
                0x08000fdc                RTC_WKUP_IRQHandler
                0x08000fdc                SPI2_IRQHandler
                0x08000fdc                USB_LP_CAN_RX0_IRQHandler
                0x08000fdc                DMA1_Channel5_IRQHandler
                0x08000fdc                USB_LP_IRQHandler
                0x08000fdc                EXTI4_IRQHandler
                0x08000fdc                TIM1_TRG_COM_TIM17_IRQHandler
                0x08000fdc                DMA1_Channel3_IRQHandler
                0x08000fdc                WWDG_IRQHandler
                0x08000fdc                EXTI1_IRQHandler
                0x08000fdc                COMP4_6_IRQHandler
                0x08000fdc                USART2_IRQHandler
                0x08000fdc                I2C2_ER_IRQHandler
                0x08000fdc                DMA1_Channel2_IRQHandler
                0x08000fdc                FLASH_IRQHandler
                0x08000fdc                SPI3_IRQHandler
                0x08000fdc                I2C1_ER_IRQHandler
                0x08000fdc                USBWakeUp_IRQHandler
                0x08000fdc                EXTI2_TSC_IRQHandler
                0x08000fdc                TIM1_BRK_TIM15_IRQHandler
 *fill*         0x08000fde        0x2 
 .text.HAL_Init
                0x08000fe0       0x2c ./Drivers/STM32F3xx_HAL_Driver/Src/stm32f3xx_hal.o
                0x08000fe0                HAL_Init
 .text.HAL_InitTick
                0x0800100c       0x60 ./Drivers/STM32F3xx_HAL_Driver/Src/stm32f3xx_hal.o
                0x0800100c                HAL_InitTick
 .text.HAL_IncTick
                0x0800106c       0x28 ./Drivers/STM32F3xx_HAL_Driver/Src/stm32f3xx_hal.o
                0x0800106c                HAL_IncTick
 .text.HAL_GetTick
                0x08001094       0x18 ./Drivers/STM32F3xx_HAL_Driver/Src/stm32f3xx_hal.o
                0x08001094                HAL_GetTick
 .text.HAL_Delay
                0x080010ac       0x48 ./Drivers/STM32F3xx_HAL_Driver/Src/stm32f3xx_hal.o
                0x080010ac                HAL_Delay
 .text.__NVIC_SetPriorityGrouping
                0x080010f4       0x48 ./Drivers/STM32F3xx_HAL_Driver/Src/stm32f3xx_hal_cortex.o
 .text.__NVIC_GetPriorityGrouping
                0x0800113c       0x1c ./Drivers/STM32F3xx_HAL_Driver/Src/stm32f3xx_hal_cortex.o
 .text.__NVIC_EnableIRQ
                0x08001158       0x3c ./Drivers/STM32F3xx_HAL_Driver/Src/stm32f3xx_hal_cortex.o
 .text.__NVIC_SetPriority
                0x08001194       0x54 ./Drivers/STM32F3xx_HAL_Driver/Src/stm32f3xx_hal_cortex.o
 .text.NVIC_EncodePriority
                0x080011e8       0x66 ./Drivers/STM32F3xx_HAL_Driver/Src/stm32f3xx_hal_cortex.o
 *fill*         0x0800124e        0x2 
 .text.SysTick_Config
                0x08001250       0x44 ./Drivers/STM32F3xx_HAL_Driver/Src/stm32f3xx_hal_cortex.o
 .text.HAL_NVIC_SetPriorityGrouping
                0x08001294       0x16 ./Drivers/STM32F3xx_HAL_Driver/Src/stm32f3xx_hal_cortex.o
                0x08001294                HAL_NVIC_SetPriorityGrouping
 .text.HAL_NVIC_SetPriority
                0x080012aa       0x38 ./Drivers/STM32F3xx_HAL_Driver/Src/stm32f3xx_hal_cortex.o
                0x080012aa                HAL_NVIC_SetPriority
 .text.HAL_NVIC_EnableIRQ
                0x080012e2       0x1c ./Drivers/STM32F3xx_HAL_Driver/Src/stm32f3xx_hal_cortex.o
                0x080012e2                HAL_NVIC_EnableIRQ
 .text.HAL_SYSTICK_Config
                0x080012fe       0x18 ./Drivers/STM32F3xx_HAL_Driver/Src/stm32f3xx_hal_cortex.o
                0x080012fe                HAL_SYSTICK_Config
 .text.HAL_DMA_Abort
                0x08001316       0x7c ./Drivers/STM32F3xx_HAL_Driver/Src/stm32f3xx_hal_dma.o
                0x08001316                HAL_DMA_Abort
 .text.HAL_DMA_Abort_IT
                0x08001392       0x7c ./Drivers/STM32F3xx_HAL_Driver/Src/stm32f3xx_hal_dma.o
                0x08001392                HAL_DMA_Abort_IT
 *fill*         0x0800140e        0x2 
 .text.HAL_GPIO_Init
                0x08001410      0x2e4 ./Drivers/STM32F3xx_HAL_Driver/Src/stm32f3xx_hal_gpio.o
                0x08001410                HAL_GPIO_Init
 .text.HAL_GPIO_WritePin
                0x080016f4       0x30 ./Drivers/STM32F3xx_HAL_Driver/Src/stm32f3xx_hal_gpio.o
                0x080016f4                HAL_GPIO_WritePin
 .text.HAL_GPIO_TogglePin
                0x08001724       0x34 ./Drivers/STM32F3xx_HAL_Driver/Src/stm32f3xx_hal_gpio.o
                0x08001724                HAL_GPIO_TogglePin
 .text.HAL_RCC_OscConfig
                0x08001758     0x107c ./Drivers/STM32F3xx_HAL_Driver/Src/stm32f3xx_hal_rcc.o
                0x08001758                HAL_RCC_OscConfig
 .text.HAL_RCC_ClockConfig
                0x080027d4      0x2f8 ./Drivers/STM32F3xx_HAL_Driver/Src/stm32f3xx_hal_rcc.o
                0x080027d4                HAL_RCC_ClockConfig
 .text.HAL_RCC_GetSysClockFreq
                0x08002acc       0xa8 ./Drivers/STM32F3xx_HAL_Driver/Src/stm32f3xx_hal_rcc.o
                0x08002acc                HAL_RCC_GetSysClockFreq
 .text.HAL_RCC_GetHCLKFreq
                0x08002b74       0x18 ./Drivers/STM32F3xx_HAL_Driver/Src/stm32f3xx_hal_rcc.o
                0x08002b74                HAL_RCC_GetHCLKFreq
 .text.HAL_RCC_GetPCLK1Freq
                0x08002b8c       0x44 ./Drivers/STM32F3xx_HAL_Driver/Src/stm32f3xx_hal_rcc.o
                0x08002b8c                HAL_RCC_GetPCLK1Freq
 .text.HAL_RCC_GetPCLK2Freq
                0x08002bd0       0x44 ./Drivers/STM32F3xx_HAL_Driver/Src/stm32f3xx_hal_rcc.o
                0x08002bd0                HAL_RCC_GetPCLK2Freq
 .text.HAL_RCCEx_PeriphCLKConfig
                0x08002c14      0x324 ./Drivers/STM32F3xx_HAL_Driver/Src/stm32f3xx_hal_rcc_ex.o
                0x08002c14                HAL_RCCEx_PeriphCLKConfig
 .text.HAL_TIM_Base_Init
                0x08002f38       0xae ./Drivers/STM32F3xx_HAL_Driver/Src/stm32f3xx_hal_tim.o
                0x08002f38                HAL_TIM_Base_Init
 .text.HAL_TIM_PWM_Init
                0x08002fe6       0xae ./Drivers/STM32F3xx_HAL_Driver/Src/stm32f3xx_hal_tim.o
                0x08002fe6                HAL_TIM_PWM_Init
 .text.HAL_TIM_PWM_MspInit
                0x08003094       0x14 ./Drivers/STM32F3xx_HAL_Driver/Src/stm32f3xx_hal_tim.o
                0x08003094                HAL_TIM_PWM_MspInit
 .text.HAL_TIM_PWM_Start_IT
                0x080030a8      0x264 ./Drivers/STM32F3xx_HAL_Driver/Src/stm32f3xx_hal_tim.o
                0x080030a8                HAL_TIM_PWM_Start_IT
 .text.HAL_TIM_IRQHandler
                0x0800330c      0x204 ./Drivers/STM32F3xx_HAL_Driver/Src/stm32f3xx_hal_tim.o
                0x0800330c                HAL_TIM_IRQHandler
 .text.HAL_TIM_PWM_ConfigChannel
                0x08003510      0x228 ./Drivers/STM32F3xx_HAL_Driver/Src/stm32f3xx_hal_tim.o
                0x08003510                HAL_TIM_PWM_ConfigChannel
 .text.HAL_TIM_ConfigClockSource
                0x08003738      0x192 ./Drivers/STM32F3xx_HAL_Driver/Src/stm32f3xx_hal_tim.o
                0x08003738                HAL_TIM_ConfigClockSource
 .text.HAL_TIM_PeriodElapsedCallback
                0x080038ca       0x14 ./Drivers/STM32F3xx_HAL_Driver/Src/stm32f3xx_hal_tim.o
                0x080038ca                HAL_TIM_PeriodElapsedCallback
 .text.HAL_TIM_OC_DelayElapsedCallback
                0x080038de       0x14 ./Drivers/STM32F3xx_HAL_Driver/Src/stm32f3xx_hal_tim.o
                0x080038de                HAL_TIM_OC_DelayElapsedCallback
 .text.HAL_TIM_IC_CaptureCallback
                0x080038f2       0x14 ./Drivers/STM32F3xx_HAL_Driver/Src/stm32f3xx_hal_tim.o
                0x080038f2                HAL_TIM_IC_CaptureCallback
 .text.HAL_TIM_TriggerCallback
                0x08003906       0x14 ./Drivers/STM32F3xx_HAL_Driver/Src/stm32f3xx_hal_tim.o
                0x08003906                HAL_TIM_TriggerCallback
 *fill*         0x0800391a        0x2 
 .text.TIM_Base_SetConfig
                0x0800391c       0xf4 ./Drivers/STM32F3xx_HAL_Driver/Src/stm32f3xx_hal_tim.o
                0x0800391c                TIM_Base_SetConfig
 .text.TIM_OC1_SetConfig
                0x08003a10      0x10c ./Drivers/STM32F3xx_HAL_Driver/Src/stm32f3xx_hal_tim.o
 .text.TIM_OC2_SetConfig
                0x08003b1c      0x100 ./Drivers/STM32F3xx_HAL_Driver/Src/stm32f3xx_hal_tim.o
                0x08003b1c                TIM_OC2_SetConfig
 .text.TIM_OC3_SetConfig
                0x08003c1c       0xfc ./Drivers/STM32F3xx_HAL_Driver/Src/stm32f3xx_hal_tim.o
 .text.TIM_OC4_SetConfig
                0x08003d18       0xc8 ./Drivers/STM32F3xx_HAL_Driver/Src/stm32f3xx_hal_tim.o
 .text.TIM_OC5_SetConfig
                0x08003de0       0xbc ./Drivers/STM32F3xx_HAL_Driver/Src/stm32f3xx_hal_tim.o
 .text.TIM_OC6_SetConfig
                0x08003e9c       0xc0 ./Drivers/STM32F3xx_HAL_Driver/Src/stm32f3xx_hal_tim.o
 .text.TIM_TI1_ConfigInputStage
                0x08003f5c       0x5e ./Drivers/STM32F3xx_HAL_Driver/Src/stm32f3xx_hal_tim.o
 .text.TIM_TI2_ConfigInputStage
                0x08003fba       0x60 ./Drivers/STM32F3xx_HAL_Driver/Src/stm32f3xx_hal_tim.o
 .text.TIM_ITRx_SetConfig
                0x0800401a       0x36 ./Drivers/STM32F3xx_HAL_Driver/Src/stm32f3xx_hal_tim.o
 .text.TIM_ETR_SetConfig
                0x08004050       0x40 ./Drivers/STM32F3xx_HAL_Driver/Src/stm32f3xx_hal_tim.o
                0x08004050                TIM_ETR_SetConfig
 .text.TIM_CCxChannelCmd
                0x08004090       0x4a ./Drivers/STM32F3xx_HAL_Driver/Src/stm32f3xx_hal_tim.o
                0x08004090                TIM_CCxChannelCmd
 *fill*         0x080040da        0x2 
 .text.HAL_TIMEx_MasterConfigSynchronization
                0x080040dc       0xcc ./Drivers/STM32F3xx_HAL_Driver/Src/stm32f3xx_hal_tim_ex.o
                0x080040dc                HAL_TIMEx_MasterConfigSynchronization
 .text.HAL_TIMEx_CommutCallback
                0x080041a8       0x14 ./Drivers/STM32F3xx_HAL_Driver/Src/stm32f3xx_hal_tim_ex.o
                0x080041a8                HAL_TIMEx_CommutCallback
 .text.HAL_TIMEx_BreakCallback
                0x080041bc       0x14 ./Drivers/STM32F3xx_HAL_Driver/Src/stm32f3xx_hal_tim_ex.o
                0x080041bc                HAL_TIMEx_BreakCallback
 .text.HAL_TIMEx_Break2Callback
                0x080041d0       0x14 ./Drivers/STM32F3xx_HAL_Driver/Src/stm32f3xx_hal_tim_ex.o
                0x080041d0                HAL_TIMEx_Break2Callback
 .text.HAL_UART_Init
                0x080041e4       0x9c ./Drivers/STM32F3xx_HAL_Driver/Src/stm32f3xx_hal_uart.o
                0x080041e4                HAL_UART_Init
 .text.HAL_UART_Transmit_IT
                0x08004280       0xbc ./Drivers/STM32F3xx_HAL_Driver/Src/stm32f3xx_hal_uart.o
                0x08004280                HAL_UART_Transmit_IT
 .text.HAL_UART_Receive_IT
                0x0800433c       0x88 ./Drivers/STM32F3xx_HAL_Driver/Src/stm32f3xx_hal_uart.o
                0x0800433c                HAL_UART_Receive_IT
 .text.HAL_UART_IRQHandler
                0x080043c4      0x5cc ./Drivers/STM32F3xx_HAL_Driver/Src/stm32f3xx_hal_uart.o
                0x080043c4                HAL_UART_IRQHandler
 .text.HAL_UART_ErrorCallback
                0x08004990       0x14 ./Drivers/STM32F3xx_HAL_Driver/Src/stm32f3xx_hal_uart.o
                0x08004990                HAL_UART_ErrorCallback
 .text.HAL_UARTEx_RxEventCallback
                0x080049a4       0x18 ./Drivers/STM32F3xx_HAL_Driver/Src/stm32f3xx_hal_uart.o
                0x080049a4                HAL_UARTEx_RxEventCallback
 .text.UART_SetConfig
                0x080049bc      0x26c ./Drivers/STM32F3xx_HAL_Driver/Src/stm32f3xx_hal_uart.o
                0x080049bc                UART_SetConfig
 .text.UART_AdvFeatureConfig
                0x08004c28      0x144 ./Drivers/STM32F3xx_HAL_Driver/Src/stm32f3xx_hal_uart.o
                0x08004c28                UART_AdvFeatureConfig
 .text.UART_CheckIdleState
                0x08004d6c      0x150 ./Drivers/STM32F3xx_HAL_Driver/Src/stm32f3xx_hal_uart.o
                0x08004d6c                UART_CheckIdleState
 .text.UART_WaitOnFlagUntilTimeout
                0x08004ebc       0xda ./Drivers/STM32F3xx_HAL_Driver/Src/stm32f3xx_hal_uart.o
                0x08004ebc                UART_WaitOnFlagUntilTimeout
 *fill*         0x08004f96        0x2 
 .text.UART_Start_Receive_IT
                0x08004f98      0x18c ./Drivers/STM32F3xx_HAL_Driver/Src/stm32f3xx_hal_uart.o
                0x08004f98                UART_Start_Receive_IT
 .text.UART_EndRxTransfer
                0x08005124       0xc8 ./Drivers/STM32F3xx_HAL_Driver/Src/stm32f3xx_hal_uart.o
 .text.UART_DMAAbortOnError
                0x080051ec       0x2c ./Drivers/STM32F3xx_HAL_Driver/Src/stm32f3xx_hal_uart.o
 .text.UART_TxISR_8BIT
                0x08005218       0xb6 ./Drivers/STM32F3xx_HAL_Driver/Src/stm32f3xx_hal_uart.o
 .text.UART_TxISR_16BIT
                0x080052ce       0xc0 ./Drivers/STM32F3xx_HAL_Driver/Src/stm32f3xx_hal_uart.o
 .text.UART_EndTransmit_IT
                0x0800538e       0x54 ./Drivers/STM32F3xx_HAL_Driver/Src/stm32f3xx_hal_uart.o
 .text.UART_RxISR_8BIT
                0x080053e2      0x1a8 ./Drivers/STM32F3xx_HAL_Driver/Src/stm32f3xx_hal_uart.o
 .text.UART_RxISR_16BIT
                0x0800558a      0x1a8 ./Drivers/STM32F3xx_HAL_Driver/Src/stm32f3xx_hal_uart.o
 .text.HAL_UARTEx_WakeupCallback
                0x08005732       0x14 ./Drivers/STM32F3xx_HAL_Driver/Src/stm32f3xx_hal_uart_ex.o
                0x08005732                HAL_UARTEx_WakeupCallback
 .text.memset   0x08005746       0x10 C:/ST/STM32CubeIDE_1.11.2/STM32CubeIDE/plugins/com.st.stm32cube.ide.mcu.externaltools.gnu-tools-for-stm32.12.3.rel1.win32_1.0.100.202403111256/tools/bin/../lib/gcc/arm-none-eabi/12.3.1/../../../../arm-none-eabi/lib/thumb/v7e-m+fp/hard\libc_nano.a(libc_a-memset.o)
                0x08005746                memset
 *fill*         0x08005756        0x2 
 .text.__libc_init_array
                0x08005758       0x48 C:/ST/STM32CubeIDE_1.11.2/STM32CubeIDE/plugins/com.st.stm32cube.ide.mcu.externaltools.gnu-tools-for-stm32.12.3.rel1.win32_1.0.100.202403111256/tools/bin/../lib/gcc/arm-none-eabi/12.3.1/../../../../arm-none-eabi/lib/thumb/v7e-m+fp/hard\libc_nano.a(libc_a-init.o)
                0x08005758                __libc_init_array
 *(.glue_7)
 .glue_7        0x080057a0        0x0 linker stubs
 *(.glue_7t)
 .glue_7t       0x080057a0        0x0 linker stubs
 *(.eh_frame)
 .eh_frame      0x080057a0        0x0 C:/ST/STM32CubeIDE_1.11.2/STM32CubeIDE/plugins/com.st.stm32cube.ide.mcu.externaltools.gnu-tools-for-stm32.12.3.rel1.win32_1.0.100.202403111256/tools/bin/../lib/gcc/arm-none-eabi/12.3.1/thumb/v7e-m+fp/hard/crtbegin.o
 *(.init)
 .init          0x080057a0        0x4 C:/ST/STM32CubeIDE_1.11.2/STM32CubeIDE/plugins/com.st.stm32cube.ide.mcu.externaltools.gnu-tools-for-stm32.12.3.rel1.win32_1.0.100.202403111256/tools/bin/../lib/gcc/arm-none-eabi/12.3.1/thumb/v7e-m+fp/hard/crti.o
                0x080057a0                _init
 .init          0x080057a4        0x8 C:/ST/STM32CubeIDE_1.11.2/STM32CubeIDE/plugins/com.st.stm32cube.ide.mcu.externaltools.gnu-tools-for-stm32.12.3.rel1.win32_1.0.100.202403111256/tools/bin/../lib/gcc/arm-none-eabi/12.3.1/thumb/v7e-m+fp/hard/crtn.o
 *(.fini)
 .fini          0x080057ac        0x4 C:/ST/STM32CubeIDE_1.11.2/STM32CubeIDE/plugins/com.st.stm32cube.ide.mcu.externaltools.gnu-tools-for-stm32.12.3.rel1.win32_1.0.100.202403111256/tools/bin/../lib/gcc/arm-none-eabi/12.3.1/thumb/v7e-m+fp/hard/crti.o
                0x080057ac                _fini
 .fini          0x080057b0        0x8 C:/ST/STM32CubeIDE_1.11.2/STM32CubeIDE/plugins/com.st.stm32cube.ide.mcu.externaltools.gnu-tools-for-stm32.12.3.rel1.win32_1.0.100.202403111256/tools/bin/../lib/gcc/arm-none-eabi/12.3.1/thumb/v7e-m+fp/hard/crtn.o
                0x080057b8                        . = ALIGN (0x4)
                0x080057b8                        _etext = .

.vfp11_veneer   0x080057b8        0x0
 .vfp11_veneer  0x080057b8        0x0 linker stubs

.v4_bx          0x080057b8        0x0
 .v4_bx         0x080057b8        0x0 linker stubs

.iplt           0x080057b8        0x0
 .iplt          0x080057b8        0x0 C:/ST/STM32CubeIDE_1.11.2/STM32CubeIDE/plugins/com.st.stm32cube.ide.mcu.externaltools.gnu-tools-for-stm32.12.3.rel1.win32_1.0.100.202403111256/tools/bin/../lib/gcc/arm-none-eabi/12.3.1/thumb/v7e-m+fp/hard/crtbegin.o

.rodata         0x080057b8       0x38
                0x080057b8                        . = ALIGN (0x4)
 *(.rodata)
 *(.rodata*)
 .rodata.AHBPrescTable
                0x080057b8       0x10 ./Core/Src/system_stm32f3xx.o
                0x080057b8                AHBPrescTable
 .rodata.APBPrescTable
                0x080057c8        0x8 ./Core/Src/system_stm32f3xx.o
                0x080057c8                APBPrescTable
 .rodata.aPLLMULFactorTable
                0x080057d0       0x10 ./Drivers/STM32F3xx_HAL_Driver/Src/stm32f3xx_hal_rcc.o
 .rodata.aPredivFactorTable
                0x080057e0       0x10 ./Drivers/STM32F3xx_HAL_Driver/Src/stm32f3xx_hal_rcc.o
                0x080057f0                        . = ALIGN (0x4)

.rel.dyn        0x080057f0        0x0
 .rel.iplt      0x080057f0        0x0 C:/ST/STM32CubeIDE_1.11.2/STM32CubeIDE/plugins/com.st.stm32cube.ide.mcu.externaltools.gnu-tools-for-stm32.12.3.rel1.win32_1.0.100.202403111256/tools/bin/../lib/gcc/arm-none-eabi/12.3.1/thumb/v7e-m+fp/hard/crtbegin.o

.ARM.extab      0x080057f0        0x0
                0x080057f0                        . = ALIGN (0x4)
 *(.ARM.extab* .gnu.linkonce.armextab.*)
                0x080057f0                        . = ALIGN (0x4)

.ARM            0x080057f0        0x0
                0x080057f0                        . = ALIGN (0x4)
                0x080057f0                        __exidx_start = .
 *(.ARM.exidx*)
                0x080057f0                        __exidx_end = .
                0x080057f0                        . = ALIGN (0x4)

.preinit_array  0x080057f0        0x0
                0x080057f0                        . = ALIGN (0x4)
                0x080057f0                        PROVIDE (__preinit_array_start = .)
 *(.preinit_array*)
                0x080057f0                        PROVIDE (__preinit_array_end = .)
                0x080057f0                        . = ALIGN (0x4)

.init_array     0x080057f0        0x4
                0x080057f0                        . = ALIGN (0x4)
                0x080057f0                        PROVIDE (__init_array_start = .)
 *(SORT_BY_NAME(.init_array.*))
 *(.init_array*)
 .init_array    0x080057f0        0x4 C:/ST/STM32CubeIDE_1.11.2/STM32CubeIDE/plugins/com.st.stm32cube.ide.mcu.externaltools.gnu-tools-for-stm32.12.3.rel1.win32_1.0.100.202403111256/tools/bin/../lib/gcc/arm-none-eabi/12.3.1/thumb/v7e-m+fp/hard/crtbegin.o
                0x080057f4                        PROVIDE (__init_array_end = .)
                0x080057f4                        . = ALIGN (0x4)

.fini_array     0x080057f4        0x4
                0x080057f4                        . = ALIGN (0x4)
                [!provide]                        PROVIDE (__fini_array_start = .)
 *(SORT_BY_NAME(.fini_array.*))
 *(.fini_array*)
 .fini_array    0x080057f4        0x4 C:/ST/STM32CubeIDE_1.11.2/STM32CubeIDE/plugins/com.st.stm32cube.ide.mcu.externaltools.gnu-tools-for-stm32.12.3.rel1.win32_1.0.100.202403111256/tools/bin/../lib/gcc/arm-none-eabi/12.3.1/thumb/v7e-m+fp/hard/crtbegin.o
                [!provide]                        PROVIDE (__fini_array_end = .)
                0x080057f8                        . = ALIGN (0x4)
                0x080057f8                        _sidata = LOADADDR (.data)

.data           0x20000000      0x1a8 load address 0x080057f8
                0x20000000                        . = ALIGN (0x4)
                0x20000000                        _sdata = .
 *(.data)
 *(.data*)
 .data.screen_change_command
                0x20000000        0xa ./Core/Src/main.o
                0x20000000                screen_change_command
 *fill*         0x2000000a        0x2 
 .data.show_value
                0x2000000c        0x8 ./Core/Src/main.o
                0x2000000c                show_value
 .data.show_30  0x20000014       0x1a ./Core/Src/main.o
                0x20000014                show_30
 *fill*         0x2000002e        0x2 
 .data.hide_30  0x20000030       0x1a ./Core/Src/main.o
                0x20000030                hide_30
 *fill*         0x2000004a        0x2 
 .data.show_60  0x2000004c       0x1a ./Core/Src/main.o
                0x2000004c                show_60
 *fill*         0x20000066        0x2 
 .data.hide_60  0x20000068       0x1a ./Core/Src/main.o
                0x20000068                hide_60
 *fill*         0x20000082        0x2 
 .data.show_90  0x20000084       0x1a ./Core/Src/main.o
                0x20000084                show_90
 *fill*         0x2000009e        0x2 
 .data.hide_90  0x200000a0       0x1a ./Core/Src/main.o
                0x200000a0                hide_90
 *fill*         0x200000ba        0x2 
 .data.show_120
                0x200000bc       0x1a ./Core/Src/main.o
                0x200000bc                show_120
 *fill*         0x200000d6        0x2 
 .data.hide_120
                0x200000d8       0x1a ./Core/Src/main.o
                0x200000d8                hide_120
 *fill*         0x200000f2        0x2 
 .data.show_150
                0x200000f4       0x1a ./Core/Src/main.o
                0x200000f4                show_150
 *fill*         0x2000010e        0x2 
 .data.hide_150
                0x20000110       0x1a ./Core/Src/main.o
                0x20000110                hide_150
 *fill*         0x2000012a        0x2 
 .data.show_180
                0x2000012c       0x1a ./Core/Src/main.o
                0x2000012c                show_180
 *fill*         0x20000146        0x2 
 .data.hide_180
                0x20000148       0x1a ./Core/Src/main.o
                0x20000148                hide_180
 *fill*         0x20000162        0x2 
 .data.show_0   0x20000164       0x1a ./Core/Src/main.o
                0x20000164                show_0
 *fill*         0x2000017e        0x2 
 .data.hide_0   0x20000180       0x1a ./Core/Src/main.o
                0x20000180                hide_0
 .data.i        0x2000019a        0x1 ./Core/Src/main.o
                0x2000019a                i
 *fill*         0x2000019b        0x1 
 .data.SystemCoreClock
                0x2000019c        0x4 ./Core/Src/system_stm32f3xx.o
                0x2000019c                SystemCoreClock
 .data.uwTickPrio
                0x200001a0        0x4 ./Drivers/STM32F3xx_HAL_Driver/Src/stm32f3xx_hal.o
                0x200001a0                uwTickPrio
 .data.uwTickFreq
                0x200001a4        0x1 ./Drivers/STM32F3xx_HAL_Driver/Src/stm32f3xx_hal.o
                0x200001a4                uwTickFreq
 *(.RamFunc)
 *(.RamFunc*)
                0x200001a8                        . = ALIGN (0x4)
 *fill*         0x200001a5        0x3 
                0x200001a8                        _edata = .

.igot.plt       0x200001a8        0x0 load address 0x080059a0
 .igot.plt      0x200001a8        0x0 C:/ST/STM32CubeIDE_1.11.2/STM32CubeIDE/plugins/com.st.stm32cube.ide.mcu.externaltools.gnu-tools-for-stm32.12.3.rel1.win32_1.0.100.202403111256/tools/bin/../lib/gcc/arm-none-eabi/12.3.1/thumb/v7e-m+fp/hard/crtbegin.o
                0x200001a8                        . = ALIGN (0x4)

.bss            0x200001a8      0x118 load address 0x080059a0
                0x200001a8                        _sbss = .
                0x200001a8                        __bss_start__ = _sbss
 *(.bss)
 .bss           0x200001a8       0x1c C:/ST/STM32CubeIDE_1.11.2/STM32CubeIDE/plugins/com.st.stm32cube.ide.mcu.externaltools.gnu-tools-for-stm32.12.3.rel1.win32_1.0.100.202403111256/tools/bin/../lib/gcc/arm-none-eabi/12.3.1/thumb/v7e-m+fp/hard/crtbegin.o
 *(.bss*)
 .bss.htim2     0x200001c4       0x4c ./Core/Src/main.o
                0x200001c4                htim2
 .bss.huart1    0x20000210       0x88 ./Core/Src/main.o
                0x20000210                huart1
 .bss.rxbuffer  0x20000298        0xa ./Core/Src/main.o
                0x20000298                rxbuffer
 .bss.flag      0x200002a2        0x1 ./Core/Src/main.o
                0x200002a2                flag
 *fill*         0x200002a3        0x1 
 .bss.tim2      0x200002a4        0x4 ./Core/Src/main.o
                0x200002a4                tim2
 .bss.count     0x200002a8        0x1 ./Core/Src/main.o
                0x200002a8                count
 *fill*         0x200002a9        0x1 
 .bss.angle     0x200002aa        0x2 ./Core/Src/main.o
                0x200002aa                angle
 .bss.number    0x200002ac        0x2 ./Core/Src/main.o
                0x200002ac                number
 .bss.new_value
                0x200002ae        0x1 ./Core/Src/main.o
                0x200002ae                new_value
 .bss.data_ready
                0x200002af        0x1 ./Core/Src/main.o
                0x200002af                data_ready
 .bss.value     0x200002b0        0x1 ./Core/Src/main.o
                0x200002b0                value
 *fill*         0x200002b1        0x3 
 .bss.time1     0x200002b4        0x4 ./Core/Src/main.o
                0x200002b4                time1
 .bss.increasing
                0x200002b8        0x1 ./Core/Src/main.o
                0x200002b8                increasing
 *fill*         0x200002b9        0x3 
 .bss.uwTick    0x200002bc        0x4 ./Drivers/STM32F3xx_HAL_Driver/Src/stm32f3xx_hal.o
                0x200002bc                uwTick
 *(COMMON)
                0x200002c0                        . = ALIGN (0x4)
                0x200002c0                        _ebss = .
                0x200002c0                        __bss_end__ = _ebss

._user_heap_stack
                0x200002c0      0x600 load address 0x080059a0
                0x200002c0                        . = ALIGN (0x8)
                [!provide]                        PROVIDE (end = .)
                0x200002c0                        PROVIDE (_end = .)
                0x200004c0                        . = (. + _Min_Heap_Size)
 *fill*         0x200002c0      0x200 
                0x200008c0                        . = (. + _Min_Stack_Size)
 *fill*         0x200004c0      0x400 
                0x200008c0                        . = ALIGN (0x8)

/DISCARD/
 libc.a(*)
 libm.a(*)
 libgcc.a(*)

.ARM.attributes
                0x00000000       0x30
 *(.ARM.attributes)
 .ARM.attributes
                0x00000000       0x22 C:/ST/STM32CubeIDE_1.11.2/STM32CubeIDE/plugins/com.st.stm32cube.ide.mcu.externaltools.gnu-tools-for-stm32.12.3.rel1.win32_1.0.100.202403111256/tools/bin/../lib/gcc/arm-none-eabi/12.3.1/thumb/v7e-m+fp/hard/crti.o
 .ARM.attributes
                0x00000022       0x34 C:/ST/STM32CubeIDE_1.11.2/STM32CubeIDE/plugins/com.st.stm32cube.ide.mcu.externaltools.gnu-tools-for-stm32.12.3.rel1.win32_1.0.100.202403111256/tools/bin/../lib/gcc/arm-none-eabi/12.3.1/thumb/v7e-m+fp/hard/crtbegin.o
 .ARM.attributes
                0x00000056       0x34 ./Core/Src/main.o
 .ARM.attributes
                0x0000008a       0x34 ./Core/Src/stm32f3xx_hal_msp.o
 .ARM.attributes
                0x000000be       0x34 ./Core/Src/stm32f3xx_it.o
 .ARM.attributes
                0x000000f2       0x34 ./Core/Src/system_stm32f3xx.o
 .ARM.attributes
                0x00000126       0x21 ./Core/Startup/startup_stm32f302r8tx.o
 .ARM.attributes
                0x00000147       0x34 ./Drivers/STM32F3xx_HAL_Driver/Src/stm32f3xx_hal.o
 .ARM.attributes
                0x0000017b       0x34 ./Drivers/STM32F3xx_HAL_Driver/Src/stm32f3xx_hal_cortex.o
 .ARM.attributes
                0x000001af       0x34 ./Drivers/STM32F3xx_HAL_Driver/Src/stm32f3xx_hal_dma.o
 .ARM.attributes
                0x000001e3       0x34 ./Drivers/STM32F3xx_HAL_Driver/Src/stm32f3xx_hal_gpio.o
 .ARM.attributes
                0x00000217       0x34 ./Drivers/STM32F3xx_HAL_Driver/Src/stm32f3xx_hal_rcc.o
 .ARM.attributes
                0x0000024b       0x34 ./Drivers/STM32F3xx_HAL_Driver/Src/stm32f3xx_hal_rcc_ex.o
 .ARM.attributes
                0x0000027f       0x34 ./Drivers/STM32F3xx_HAL_Driver/Src/stm32f3xx_hal_tim.o
 .ARM.attributes
                0x000002b3       0x34 ./Drivers/STM32F3xx_HAL_Driver/Src/stm32f3xx_hal_tim_ex.o
 .ARM.attributes
                0x000002e7       0x34 ./Drivers/STM32F3xx_HAL_Driver/Src/stm32f3xx_hal_uart.o
 .ARM.attributes
                0x0000031b       0x34 ./Drivers/STM32F3xx_HAL_Driver/Src/stm32f3xx_hal_uart_ex.o
 .ARM.attributes
                0x0000034f       0x34 C:/ST/STM32CubeIDE_1.11.2/STM32CubeIDE/plugins/com.st.stm32cube.ide.mcu.externaltools.gnu-tools-for-stm32.12.3.rel1.win32_1.0.100.202403111256/tools/bin/../lib/gcc/arm-none-eabi/12.3.1/../../../../arm-none-eabi/lib/thumb/v7e-m+fp/hard\libc_nano.a(libc_a-memset.o)
 .ARM.attributes
                0x00000383       0x34 C:/ST/STM32CubeIDE_1.11.2/STM32CubeIDE/plugins/com.st.stm32cube.ide.mcu.externaltools.gnu-tools-for-stm32.12.3.rel1.win32_1.0.100.202403111256/tools/bin/../lib/gcc/arm-none-eabi/12.3.1/../../../../arm-none-eabi/lib/thumb/v7e-m+fp/hard\libc_nano.a(libc_a-init.o)
 .ARM.attributes
                0x000003b7       0x22 C:/ST/STM32CubeIDE_1.11.2/STM32CubeIDE/plugins/com.st.stm32cube.ide.mcu.externaltools.gnu-tools-for-stm32.12.3.rel1.win32_1.0.100.202403111256/tools/bin/../lib/gcc/arm-none-eabi/12.3.1/thumb/v7e-m+fp/hard/crtn.o
OUTPUT(stm32f302r8_servo_dwin.elf elf32-littlearm)
LOAD linker stubs
LOAD C:/ST/STM32CubeIDE_1.11.2/STM32CubeIDE/plugins/com.st.stm32cube.ide.mcu.externaltools.gnu-tools-for-stm32.12.3.rel1.win32_1.0.100.202403111256/tools/bin/../lib/gcc/arm-none-eabi/12.3.1/../../../../arm-none-eabi/lib/thumb/v7e-m+fp/hard\libc.a
LOAD C:/ST/STM32CubeIDE_1.11.2/STM32CubeIDE/plugins/com.st.stm32cube.ide.mcu.externaltools.gnu-tools-for-stm32.12.3.rel1.win32_1.0.100.202403111256/tools/bin/../lib/gcc/arm-none-eabi/12.3.1/../../../../arm-none-eabi/lib/thumb/v7e-m+fp/hard\libm.a
LOAD C:/ST/STM32CubeIDE_1.11.2/STM32CubeIDE/plugins/com.st.stm32cube.ide.mcu.externaltools.gnu-tools-for-stm32.12.3.rel1.win32_1.0.100.202403111256/tools/bin/../lib/gcc/arm-none-eabi/12.3.1/thumb/v7e-m+fp/hard\libgcc.a

.debug_info     0x00000000     0xf4d5
 .debug_info    0x00000000     0x17e5 ./Core/Src/main.o
 .debug_info    0x000017e5      0xef0 ./Core/Src/stm32f3xx_hal_msp.o
 .debug_info    0x000026d5      0xa8a ./Core/Src/stm32f3xx_it.o
 .debug_info    0x0000315f      0x407 ./Core/Src/system_stm32f3xx.o
 .debug_info    0x00003566       0x30 ./Core/Startup/startup_stm32f302r8tx.o
 .debug_info    0x00003596      0x774 ./Drivers/STM32F3xx_HAL_Driver/Src/stm32f3xx_hal.o
 .debug_info    0x00003d0a      0xab1 ./Drivers/STM32F3xx_HAL_Driver/Src/stm32f3xx_hal_cortex.o
 .debug_info    0x000047bb      0x6e1 ./Drivers/STM32F3xx_HAL_Driver/Src/stm32f3xx_hal_dma.o
 .debug_info    0x00004e9c      0x5fe ./Drivers/STM32F3xx_HAL_Driver/Src/stm32f3xx_hal_gpio.o
 .debug_info    0x0000549a     0x148a ./Drivers/STM32F3xx_HAL_Driver/Src/stm32f3xx_hal_rcc.o
 .debug_info    0x00006924      0x590 ./Drivers/STM32F3xx_HAL_Driver/Src/stm32f3xx_hal_rcc_ex.o
 .debug_info    0x00006eb4     0x2a70 ./Drivers/STM32F3xx_HAL_Driver/Src/stm32f3xx_hal_tim.o
 .debug_info    0x00009924     0x156d ./Drivers/STM32F3xx_HAL_Driver/Src/stm32f3xx_hal_tim_ex.o
 .debug_info    0x0000ae91     0x39a8 ./Drivers/STM32F3xx_HAL_Driver/Src/stm32f3xx_hal_uart.o
 .debug_info    0x0000e839      0xc9c ./Drivers/STM32F3xx_HAL_Driver/Src/stm32f3xx_hal_uart_ex.o

.debug_abbrev   0x00000000     0x206f
 .debug_abbrev  0x00000000      0x341 ./Core/Src/main.o
 .debug_abbrev  0x00000341      0x1c4 ./Core/Src/stm32f3xx_hal_msp.o
 .debug_abbrev  0x00000505      0x19c ./Core/Src/stm32f3xx_it.o
 .debug_abbrev  0x000006a1      0x11a ./Core/Src/system_stm32f3xx.o
 .debug_abbrev  0x000007bb       0x24 ./Core/Startup/startup_stm32f302r8tx.o
 .debug_abbrev  0x000007df      0x215 ./Drivers/STM32F3xx_HAL_Driver/Src/stm32f3xx_hal.o
 .debug_abbrev  0x000009f4      0x2f8 ./Drivers/STM32F3xx_HAL_Driver/Src/stm32f3xx_hal_cortex.o
 .debug_abbrev  0x00000cec      0x20d ./Drivers/STM32F3xx_HAL_Driver/Src/stm32f3xx_hal_dma.o
 .debug_abbrev  0x00000ef9      0x1ca ./Drivers/STM32F3xx_HAL_Driver/Src/stm32f3xx_hal_gpio.o
 .debug_abbrev  0x000010c3      0x300 ./Drivers/STM32F3xx_HAL_Driver/Src/stm32f3xx_hal_rcc.o
 .debug_abbrev  0x000013c3      0x221 ./Drivers/STM32F3xx_HAL_Driver/Src/stm32f3xx_hal_rcc_ex.o
 .debug_abbrev  0x000015e4      0x278 ./Drivers/STM32F3xx_HAL_Driver/Src/stm32f3xx_hal_tim.o
 .debug_abbrev  0x0000185c      0x283 ./Drivers/STM32F3xx_HAL_Driver/Src/stm32f3xx_hal_tim_ex.o
 .debug_abbrev  0x00001adf      0x2d1 ./Drivers/STM32F3xx_HAL_Driver/Src/stm32f3xx_hal_uart.o
 .debug_abbrev  0x00001db0      0x2bf ./Drivers/STM32F3xx_HAL_Driver/Src/stm32f3xx_hal_uart_ex.o

.debug_aranges  0x00000000      0xd80
 .debug_aranges
                0x00000000      0x108 ./Core/Src/main.o
 .debug_aranges
                0x00000108       0x48 ./Core/Src/stm32f3xx_hal_msp.o
 .debug_aranges
                0x00000150       0x70 ./Core/Src/stm32f3xx_it.o
 .debug_aranges
                0x000001c0       0x28 ./Core/Src/system_stm32f3xx.o
 .debug_aranges
                0x000001e8       0x28 ./Core/Startup/startup_stm32f302r8tx.o
 .debug_aranges
                0x00000210       0xe0 ./Drivers/STM32F3xx_HAL_Driver/Src/stm32f3xx_hal.o
 .debug_aranges
                0x000002f0      0x100 ./Drivers/STM32F3xx_HAL_Driver/Src/stm32f3xx_hal_cortex.o
 .debug_aranges
                0x000003f0       0x88 ./Drivers/STM32F3xx_HAL_Driver/Src/stm32f3xx_hal_dma.o
 .debug_aranges
                0x00000478       0x58 ./Drivers/STM32F3xx_HAL_Driver/Src/stm32f3xx_hal_gpio.o
 .debug_aranges
                0x000004d0       0x88 ./Drivers/STM32F3xx_HAL_Driver/Src/stm32f3xx_hal_rcc.o
 .debug_aranges
                0x00000558       0x38 ./Drivers/STM32F3xx_HAL_Driver/Src/stm32f3xx_hal_rcc_ex.o
 .debug_aranges
                0x00000590      0x3e0 ./Drivers/STM32F3xx_HAL_Driver/Src/stm32f3xx_hal_tim.o
 .debug_aranges
                0x00000970      0x178 ./Drivers/STM32F3xx_HAL_Driver/Src/stm32f3xx_hal_tim_ex.o
 .debug_aranges
                0x00000ae8      0x228 ./Drivers/STM32F3xx_HAL_Driver/Src/stm32f3xx_hal_uart.o
 .debug_aranges
                0x00000d10       0x70 ./Drivers/STM32F3xx_HAL_Driver/Src/stm32f3xx_hal_uart_ex.o

.debug_rnglists
                0x00000000      0xa96
 .debug_rnglists
                0x00000000       0xc7 ./Core/Src/main.o
 .debug_rnglists
                0x000000c7       0x32 ./Core/Src/stm32f3xx_hal_msp.o
 .debug_rnglists
                0x000000f9       0x4f ./Core/Src/stm32f3xx_it.o
 .debug_rnglists
                0x00000148       0x1a ./Core/Src/system_stm32f3xx.o
 .debug_rnglists
                0x00000162       0x19 ./Core/Startup/startup_stm32f302r8tx.o
 .debug_rnglists
                0x0000017b       0xa3 ./Drivers/STM32F3xx_HAL_Driver/Src/stm32f3xx_hal.o
 .debug_rnglists
                0x0000021e       0xbb ./Drivers/STM32F3xx_HAL_Driver/Src/stm32f3xx_hal_cortex.o
 .debug_rnglists
                0x000002d9       0x69 ./Drivers/STM32F3xx_HAL_Driver/Src/stm32f3xx_hal_dma.o
 .debug_rnglists
                0x00000342       0x3f ./Drivers/STM32F3xx_HAL_Driver/Src/stm32f3xx_hal_gpio.o
 .debug_rnglists
                0x00000381       0x66 ./Drivers/STM32F3xx_HAL_Driver/Src/stm32f3xx_hal_rcc.o
 .debug_rnglists
                0x000003e7       0x28 ./Drivers/STM32F3xx_HAL_Driver/Src/stm32f3xx_hal_rcc_ex.o
 .debug_rnglists
                0x0000040f      0x328 ./Drivers/STM32F3xx_HAL_Driver/Src/stm32f3xx_hal_tim.o
 .debug_rnglists
                0x00000737      0x131 ./Drivers/STM32F3xx_HAL_Driver/Src/stm32f3xx_hal_tim_ex.o
 .debug_rnglists
                0x00000868      0x1da ./Drivers/STM32F3xx_HAL_Driver/Src/stm32f3xx_hal_uart.o
 .debug_rnglists
                0x00000a42       0x54 ./Drivers/STM32F3xx_HAL_Driver/Src/stm32f3xx_hal_uart_ex.o

.debug_macro    0x00000000    0x1bb5b
 .debug_macro   0x00000000      0x2d7 ./Core/Src/main.o
 .debug_macro   0x000002d7      0xab4 ./Core/Src/main.o
 .debug_macro   0x00000d8b      0x157 ./Core/Src/main.o
 .debug_macro   0x00000ee2       0x2e ./Core/Src/main.o
 .debug_macro   0x00000f10       0x28 ./Core/Src/main.o
 .debug_macro   0x00000f38       0x22 ./Core/Src/main.o
 .debug_macro   0x00000f5a       0x8e ./Core/Src/main.o
 .debug_macro   0x00000fe8       0x51 ./Core/Src/main.o
 .debug_macro   0x00001039      0x103 ./Core/Src/main.o
 .debug_macro   0x0000113c       0x6a ./Core/Src/main.o
 .debug_macro   0x000011a6      0x1df ./Core/Src/main.o
 .debug_macro   0x00001385       0x1c ./Core/Src/main.o
 .debug_macro   0x000013a1       0x22 ./Core/Src/main.o
 .debug_macro   0x000013c3       0xd9 ./Core/Src/main.o
 .debug_macro   0x0000149c      0xf07 ./Core/Src/main.o
 .debug_macro   0x000023a3    0x110e8 ./Core/Src/main.o
 .debug_macro   0x0001348b       0x6d ./Core/Src/main.o
 .debug_macro   0x000134f8     0x3574 ./Core/Src/main.o
 .debug_macro   0x00016a6c      0x189 ./Core/Src/main.o
 .debug_macro   0x00016bf5       0x55 ./Core/Src/main.o
 .debug_macro   0x00016c4a      0x8f8 ./Core/Src/main.o
 .debug_macro   0x00017542      0x41b ./Core/Src/main.o
 .debug_macro   0x0001795d      0x1b5 ./Core/Src/main.o
 .debug_macro   0x00017b12      0x161 ./Core/Src/main.o
 .debug_macro   0x00017c73      0x1d5 ./Core/Src/main.o
 .debug_macro   0x00017e48      0x1bc ./Core/Src/main.o
 .debug_macro   0x00018004       0x34 ./Core/Src/main.o
 .debug_macro   0x00018038       0x3c ./Core/Src/main.o
 .debug_macro   0x00018074       0x57 ./Core/Src/main.o
 .debug_macro   0x000180cb       0xc5 ./Core/Src/main.o
 .debug_macro   0x00018190      0x19f ./Core/Src/main.o
 .debug_macro   0x0001832f      0x22c ./Core/Src/main.o
 .debug_macro   0x0001855b       0x5b ./Core/Src/main.o
 .debug_macro   0x000185b6       0xa5 ./Core/Src/main.o
 .debug_macro   0x0001865b       0x81 ./Core/Src/main.o
 .debug_macro   0x000186dc       0xd3 ./Core/Src/main.o
 .debug_macro   0x000187af      0xa60 ./Core/Src/main.o
 .debug_macro   0x0001920f       0x41 ./Core/Src/main.o
 .debug_macro   0x00019250      0x5ba ./Core/Src/main.o
 .debug_macro   0x0001980a       0x44 ./Core/Src/main.o
 .debug_macro   0x0001984e      0x1f7 ./Core/Src/main.o
 .debug_macro   0x00019a45       0x61 ./Core/Src/main.o
 .debug_macro   0x00019aa6       0x2a ./Core/Src/main.o
 .debug_macro   0x00019ad0       0x43 ./Core/Src/main.o
 .debug_macro   0x00019b13       0x34 ./Core/Src/main.o
 .debug_macro   0x00019b47       0x16 ./Core/Src/main.o
 .debug_macro   0x00019b5d       0x43 ./Core/Src/main.o
 .debug_macro   0x00019ba0       0x34 ./Core/Src/main.o
 .debug_macro   0x00019bd4       0x10 ./Core/Src/main.o
 .debug_macro   0x00019be4       0x58 ./Core/Src/main.o
 .debug_macro   0x00019c3c       0x8e ./Core/Src/main.o
 .debug_macro   0x00019cca       0x1c ./Core/Src/main.o
 .debug_macro   0x00019ce6      0x177 ./Core/Src/main.o
 .debug_macro   0x00019e5d      0x369 ./Core/Src/main.o
 .debug_macro   0x0001a1c6       0x10 ./Core/Src/main.o
 .debug_macro   0x0001a1d6       0x35 ./Core/Src/main.o
 .debug_macro   0x0001a20b       0x20 ./Core/Src/main.o
 .debug_macro   0x0001a22b       0x1c ./Core/Src/main.o
 .debug_macro   0x0001a247       0x10 ./Core/Src/main.o
 .debug_macro   0x0001a257       0x1c ./Core/Src/main.o
 .debug_macro   0x0001a273       0x16 ./Core/Src/main.o
 .debug_macro   0x0001a289      0x146 ./Core/Src/main.o
 .debug_macro   0x0001a3cf      0x1cf ./Core/Src/stm32f3xx_hal_msp.o
 .debug_macro   0x0001a59e      0x1d9 ./Core/Src/stm32f3xx_it.o
 .debug_macro   0x0001a777      0x1c5 ./Core/Src/system_stm32f3xx.o
 .debug_macro   0x0001a93c      0x1e9 ./Drivers/STM32F3xx_HAL_Driver/Src/stm32f3xx_hal.o
 .debug_macro   0x0001ab25      0x1c5 ./Drivers/STM32F3xx_HAL_Driver/Src/stm32f3xx_hal_cortex.o
 .debug_macro   0x0001acea      0x1c5 ./Drivers/STM32F3xx_HAL_Driver/Src/stm32f3xx_hal_dma.o
 .debug_macro   0x0001aeaf      0x1cc ./Drivers/STM32F3xx_HAL_Driver/Src/stm32f3xx_hal_gpio.o
 .debug_macro   0x0001b07b      0x1e9 ./Drivers/STM32F3xx_HAL_Driver/Src/stm32f3xx_hal_rcc.o
 .debug_macro   0x0001b264      0x1c5 ./Drivers/STM32F3xx_HAL_Driver/Src/stm32f3xx_hal_rcc_ex.o
 .debug_macro   0x0001b429      0x1c6 ./Drivers/STM32F3xx_HAL_Driver/Src/stm32f3xx_hal_tim.o
 .debug_macro   0x0001b5ef      0x1c5 ./Drivers/STM32F3xx_HAL_Driver/Src/stm32f3xx_hal_tim_ex.o
 .debug_macro   0x0001b7b4      0x1e2 ./Drivers/STM32F3xx_HAL_Driver/Src/stm32f3xx_hal_uart.o
 .debug_macro   0x0001b996      0x1c5 ./Drivers/STM32F3xx_HAL_Driver/Src/stm32f3xx_hal_uart_ex.o

.debug_line     0x00000000    0x10b38
 .debug_line    0x00000000     0x1027 ./Core/Src/main.o
 .debug_line    0x00001027      0x826 ./Core/Src/stm32f3xx_hal_msp.o
 .debug_line    0x0000184d      0x85d ./Core/Src/stm32f3xx_it.o
 .debug_line    0x000020aa      0x7e4 ./Core/Src/system_stm32f3xx.o
 .debug_line    0x0000288e       0x7a ./Core/Startup/startup_stm32f302r8tx.o
 .debug_line    0x00002908      0xa1c ./Drivers/STM32F3xx_HAL_Driver/Src/stm32f3xx_hal.o
 .debug_line    0x00003324      0xc02 ./Drivers/STM32F3xx_HAL_Driver/Src/stm32f3xx_hal_cortex.o
 .debug_line    0x00003f26      0xd06 ./Drivers/STM32F3xx_HAL_Driver/Src/stm32f3xx_hal_dma.o
 .debug_line    0x00004c2c      0xb7f ./Drivers/STM32F3xx_HAL_Driver/Src/stm32f3xx_hal_gpio.o
 .debug_line    0x000057ab     0x13b0 ./Drivers/STM32F3xx_HAL_Driver/Src/stm32f3xx_hal_rcc.o
 .debug_line    0x00006b5b      0xc50 ./Drivers/STM32F3xx_HAL_Driver/Src/stm32f3xx_hal_rcc_ex.o
 .debug_line    0x000077ab     0x3cae ./Drivers/STM32F3xx_HAL_Driver/Src/stm32f3xx_hal_tim.o
 .debug_line    0x0000b459     0x1a55 ./Drivers/STM32F3xx_HAL_Driver/Src/stm32f3xx_hal_tim_ex.o
 .debug_line    0x0000ceae     0x30fa ./Drivers/STM32F3xx_HAL_Driver/Src/stm32f3xx_hal_uart.o
 .debug_line    0x0000ffa8      0xb90 ./Drivers/STM32F3xx_HAL_Driver/Src/stm32f3xx_hal_uart_ex.o

.debug_str      0x00000000    0xa5ea7
 .debug_str     0x00000000    0xa3078 ./Core/Src/main.o
                              0xa3408 (size before relaxing)
 .debug_str     0x000a3078      0x368 ./Core/Src/stm32f3xx_hal_msp.o
                              0x9f885 (size before relaxing)
 .debug_str     0x000a33e0      0x112 ./Core/Src/stm32f3xx_it.o
                              0x9f46e (size before relaxing)
 .debug_str     0x000a34f2       0xe9 ./Core/Src/system_stm32f3xx.o
                              0x9ed3a (size before relaxing)
 .debug_str     0x000a35db       0x44 ./Core/Startup/startup_stm32f302r8tx.o
                                 0x8b (size before relaxing)
 .debug_str     0x000a361f      0x36e ./Drivers/STM32F3xx_HAL_Driver/Src/stm32f3xx_hal.o
                              0x9f494 (size before relaxing)
 .debug_str     0x000a398d      0x236 ./Drivers/STM32F3xx_HAL_Driver/Src/stm32f3xx_hal_cortex.o
                              0x9f3b9 (size before relaxing)
 .debug_str     0x000a3bc3      0x248 ./Drivers/STM32F3xx_HAL_Driver/Src/stm32f3xx_hal_dma.o
                              0x9f082 (size before relaxing)
 .debug_str     0x000a3e0b      0x118 ./Drivers/STM32F3xx_HAL_Driver/Src/stm32f3xx_hal_gpio.o
                              0x9eeb0 (size before relaxing)
 .debug_str     0x000a3f23      0x2d1 ./Drivers/STM32F3xx_HAL_Driver/Src/stm32f3xx_hal_rcc.o
                              0x9f1da (size before relaxing)
 .debug_str     0x000a41f4       0xbe ./Drivers/STM32F3xx_HAL_Driver/Src/stm32f3xx_hal_rcc_ex.o
                              0x9ef5e (size before relaxing)
 .debug_str     0x000a42b2      0xd5f ./Drivers/STM32F3xx_HAL_Driver/Src/stm32f3xx_hal_tim.o
                              0xa0171 (size before relaxing)
 .debug_str     0x000a5011      0x4dc ./Drivers/STM32F3xx_HAL_Driver/Src/stm32f3xx_hal_tim_ex.o
                              0x9f9b7 (size before relaxing)
 .debug_str     0x000a54ed      0x802 ./Drivers/STM32F3xx_HAL_Driver/Src/stm32f3xx_hal_uart.o
                              0x9fa5d (size before relaxing)
 .debug_str     0x000a5cef      0x1b8 ./Drivers/STM32F3xx_HAL_Driver/Src/stm32f3xx_hal_uart_ex.o
                              0x9f362 (size before relaxing)

.comment        0x00000000       0x43
 .comment       0x00000000       0x43 ./Core/Src/main.o
                                 0x44 (size before relaxing)
 .comment       0x00000043       0x44 ./Core/Src/stm32f3xx_hal_msp.o
 .comment       0x00000043       0x44 ./Core/Src/stm32f3xx_it.o
 .comment       0x00000043       0x44 ./Core/Src/system_stm32f3xx.o
 .comment       0x00000043       0x44 ./Drivers/STM32F3xx_HAL_Driver/Src/stm32f3xx_hal.o
 .comment       0x00000043       0x44 ./Drivers/STM32F3xx_HAL_Driver/Src/stm32f3xx_hal_cortex.o
 .comment       0x00000043       0x44 ./Drivers/STM32F3xx_HAL_Driver/Src/stm32f3xx_hal_dma.o
 .comment       0x00000043       0x44 ./Drivers/STM32F3xx_HAL_Driver/Src/stm32f3xx_hal_gpio.o
 .comment       0x00000043       0x44 ./Drivers/STM32F3xx_HAL_Driver/Src/stm32f3xx_hal_rcc.o
 .comment       0x00000043       0x44 ./Drivers/STM32F3xx_HAL_Driver/Src/stm32f3xx_hal_rcc_ex.o
 .comment       0x00000043       0x44 ./Drivers/STM32F3xx_HAL_Driver/Src/stm32f3xx_hal_tim.o
 .comment       0x00000043       0x44 ./Drivers/STM32F3xx_HAL_Driver/Src/stm32f3xx_hal_tim_ex.o
 .comment       0x00000043       0x44 ./Drivers/STM32F3xx_HAL_Driver/Src/stm32f3xx_hal_uart.o
 .comment       0x00000043       0x44 ./Drivers/STM32F3xx_HAL_Driver/Src/stm32f3xx_hal_uart_ex.o

.debug_frame    0x00000000     0x3858
 .debug_frame   0x00000000      0x3c4 ./Core/Src/main.o
 .debug_frame   0x000003c4       0xe8 ./Core/Src/stm32f3xx_hal_msp.o
 .debug_frame   0x000004ac      0x13c ./Core/Src/stm32f3xx_it.o
 .debug_frame   0x000005e8       0x58 ./Core/Src/system_stm32f3xx.o
 .debug_frame   0x00000640      0x334 ./Drivers/STM32F3xx_HAL_Driver/Src/stm32f3xx_hal.o
 .debug_frame   0x00000974      0x428 ./Drivers/STM32F3xx_HAL_Driver/Src/stm32f3xx_hal_cortex.o
 .debug_frame   0x00000d9c      0x224 ./Drivers/STM32F3xx_HAL_Driver/Src/stm32f3xx_hal_dma.o
 .debug_frame   0x00000fc0      0x14c ./Drivers/STM32F3xx_HAL_Driver/Src/stm32f3xx_hal_gpio.o
 .debug_frame   0x0000110c      0x214 ./Drivers/STM32F3xx_HAL_Driver/Src/stm32f3xx_hal_rcc.o
 .debug_frame   0x00001320       0xb0 ./Drivers/STM32F3xx_HAL_Driver/Src/stm32f3xx_hal_rcc_ex.o
 .debug_frame   0x000013d0     0x1218 ./Drivers/STM32F3xx_HAL_Driver/Src/stm32f3xx_hal_tim.o
 .debug_frame   0x000025e8      0x688 ./Drivers/STM32F3xx_HAL_Driver/Src/stm32f3xx_hal_tim_ex.o
 .debug_frame   0x00002c70      0x9e8 ./Drivers/STM32F3xx_HAL_Driver/Src/stm32f3xx_hal_uart.o
 .debug_frame   0x00003658      0x1b4 ./Drivers/STM32F3xx_HAL_Driver/Src/stm32f3xx_hal_uart_ex.o
 .debug_frame   0x0000380c       0x20 C:/ST/STM32CubeIDE_1.11.2/STM32CubeIDE/plugins/com.st.stm32cube.ide.mcu.externaltools.gnu-tools-for-stm32.12.3.rel1.win32_1.0.100.202403111256/tools/bin/../lib/gcc/arm-none-eabi/12.3.1/../../../../arm-none-eabi/lib/thumb/v7e-m+fp/hard\libc_nano.a(libc_a-memset.o)
 .debug_frame   0x0000382c       0x2c C:/ST/STM32CubeIDE_1.11.2/STM32CubeIDE/plugins/com.st.stm32cube.ide.mcu.externaltools.gnu-tools-for-stm32.12.3.rel1.win32_1.0.100.202403111256/tools/bin/../lib/gcc/arm-none-eabi/12.3.1/../../../../arm-none-eabi/lib/thumb/v7e-m+fp/hard\libc_nano.a(libc_a-init.o)

.debug_line_str
                0x00000000       0x6f
 .debug_line_str
                0x00000000       0x6f ./Core/Startup/startup_stm32f302r8tx.o
