../Core/Src/main.c:85:6:DWIN_Send	1
../Core/Src/main.c:96:6:DWIN_WriteVP	1
../Core/Src/main.c:110:6:dwin_page_change	1
../Core/Src/main.c:126:6:dwin_copy_image	1
../Core/Src/main.c:185:6:dwin_set_flow	1
../Core/Src/main.c:189:6:battery_one_level	1
../Core/Src/main.c:194:6:HAL_UARTEx_RxEventCallback	2
../Core/Src/main.c:209:6:DWIN_ParseFrame	7
../Core/Src/main.c:245:6:display_control	5
../Core/Src/main.c:290:5:main	2
../Core/Src/main.c:354:6:SystemClock_Config	4
../Core/Src/main.c:400:13:MX_USART1_UART_Init	2
../Core/Src/main.c:435:13:MX_USART2_UART_Init	2
../Core/Src/main.c:468:13:MX_DMA_Init	1
../Core/Src/main.c:489:13:MX_GPIO_Init	1
../Core/Src/main.c:531:6:Error_Handler	1
