../Core/Src/main.c:83:6:DWIN_Send	16	static
../Core/Src/main.c:94:6:DWIN_WriteVP	16	static
../Core/Src/main.c:108:6:dwin_page_change	16	static
../Core/Src/main.c:124:6:dwin_copy_image	24	static
../Core/Src/main.c:183:6:dwin_set_flow	16	static
../Core/Src/main.c:187:6:battery_one_level	32	static
../Core/Src/main.c:192:6:HAL_UARTEx_RxEventCallback	16	static
../Core/Src/main.c:207:6:DWIN_ParseFrame	32	static
../Core/Src/main.c:240:6:display_control	4	static
../Core/Src/main.c:285:5:main	8	static
../Core/Src/main.c:347:6:SystemClock_Config	120	static
../Core/Src/main.c:393:13:MX_USART1_UART_Init	8	static
../Core/Src/main.c:428:13:MX_USART2_UART_Init	8	static
../Core/Src/main.c:461:13:MX_DMA_Init	16	static
../Core/Src/main.c:482:13:MX_GPIO_Init	48	static
../Core/Src/main.c:524:6:Error_Handler	4	static,ignoring_inline_asm
