../Core/Src/main.c:75:7:DWIN_Send	16	static
../Core/Src/main.c:83:7:DWIN_SetPage	32	static
../Core/Src/main.c:111:7:DWIN_ProcessVP	16	static
../Core/Src/main.c:185:7:DWIN_ProcessFrame	24	static
../Core/Src/main.c:251:8:DWIN_ReceivePolling	16	static
../Core/Src/main.c:359:5:main	8	static
../Core/Src/main.c:412:6:SystemClock_Config	120	static
../Core/Src/main.c:458:13:MX_USART1_UART_Init	8	static
../Core/Src/main.c:493:13:MX_USART2_UART_Init	8	static
../Core/Src/main.c:526:13:MX_DMA_Init	16	static
../Core/Src/main.c:547:13:MX_GPIO_Init	48	static
../Core/Src/main.c:591:6:Error_Handler	4	static,ignoring_inline_asm
