../Core/Src/main.c:75:7:DWIN_Send	1
../Core/Src/main.c:83:7:DWIN_SetPage	1
../Core/Src/main.c:111:7:DWIN_WriteVP	1
../Core/Src/main.c:124:7:DWIN_ProcessVP	11
../Core/Src/main.c:212:7:DWIN_ProcessFrame	4
../Core/Src/main.c:278:8:DWIN_ReceivePolling	11
../Core/Src/main.c:386:5:main	1
../Core/Src/main.c:439:6:SystemClock_Config	4
../Core/Src/main.c:485:13:MX_USART1_UART_Init	2
../Core/Src/main.c:520:13:MX_USART2_UART_Init	2
../Core/Src/main.c:553:13:MX_DMA_Init	1
../Core/Src/main.c:574:13:MX_GPIO_Init	1
../Core/Src/main.c:618:6:Error_Handler	1
