../Core/Src/main.c:75:7:DWIN_Send	16	static
../Core/Src/main.c:83:7:DWIN_SetPage	32	static
../Core/Src/main.c:111:7:DWIN_WriteVP	16	static
../Core/Src/main.c:124:7:DWIN_ProcessVP	16	static
../Core/Src/main.c:212:7:DWIN_ProcessFrame	24	static
../Core/Src/main.c:278:8:DWIN_ReceivePolling	16	static
../Core/Src/main.c:386:5:main	8	static
../Core/Src/main.c:439:6:SystemClock_Config	120	static
../Core/Src/main.c:485:13:MX_USART1_UART_Init	8	static
../Core/Src/main.c:520:13:MX_USART2_UART_Init	8	static
../Core/Src/main.c:553:13:MX_DMA_Init	16	static
../Core/Src/main.c:574:13:MX_GPIO_Init	48	static
../Core/Src/main.c:618:6:Error_Handler	4	static,ignoring_inline_asm
