../Core/Src/main.c:123:6:sendCommandToDwin	1
../Core/Src/main.c:141:6:page_change	1
../Core/Src/main.c:148:6:led_select	1
../Core/Src/main.c:154:6:led_unselect	1
../Core/Src/main.c:160:6:adc_select	1
../Core/Src/main.c:166:6:adc_unselect	1
../Core/Src/main.c:172:6:led1_select	1
../Core/Src/main.c:178:6:led1_unselect	1
../Core/Src/main.c:184:6:led2_select	1
../Core/Src/main.c:190:6:led2_unselect	1
../Core/Src/main.c:196:6:led1_ON	1
../Core/Src/main.c:201:6:led1_OFF	1
../Core/Src/main.c:206:6:led2_ON	1
../Core/Src/main.c:211:6:led2_OFF	1
../Core/Src/main.c:216:6:led_back_select	1
../Core/Src/main.c:221:6:led_back_unselect	1
../Core/Src/main.c:226:6:adc_back_select	1
../Core/Src/main.c:231:6:adc_back_unselect	1
../Core/Src/main.c:236:6:display_value	1
../Core/Src/main.c:257:6:HAL_TIM_IC_CaptureCallback	2
../Core/Src/main.c:270:6:ResetTimerCounter	1
../Core/Src/main.c:276:6:HAL_GPIO_EXTI_Callback	2
../Core/Src/main.c:284:6:handle_counter	3
../Core/Src/main.c:298:6:input_reading	9
../Core/Src/main.c:339:6:handle_page_switch	11
../Core/Src/main.c:408:5:main	1
../Core/Src/main.c:461:6:SystemClock_Config	4
../Core/Src/main.c:507:13:MX_TIM2_Init	3
../Core/Src/main.c:556:13:MX_USART1_UART_Init	2
../Core/Src/main.c:591:13:MX_GPIO_Init	1
../Core/Src/main.c:624:6:Error_Handler	1
