../Core/Src/main.c:83:6:byte_write	24	static
../Core/Src/main.c:105:6:high_nibble_write	24	static
../Core/Src/main.c:115:6:low_nibble_write	24	static
../Core/Src/main.c:125:6:lcd_data	16	static
../Core/Src/main.c:145:6:lcd_cmd	16	static
../Core/Src/main.c:165:6:toggle_char_down	24	static
../Core/Src/main.c:184:6:delete_char	8	static
../Core/Src/main.c:196:6:lcd_string	16	static
../Core/Src/main.c:210:5:main	8	static
../Core/Src/main.c:318:6:SystemClock_Config	72	static
../Core/Src/main.c:358:13:MX_GPIO_Init	48	static
../Core/Src/main.c:402:6:toggle_char	24	static
../Core/Src/main.c:421:6:Error_Handler	4	static,ignoring_inline_asm
