../Core/Src/main.c:103:7:__io_putchar	1
../Core/Src/main.c:110:6:DWIN_Send_Blocking	3
../Core/Src/main.c:120:6:DWIN_Send_NonBlocking	7
../Core/Src/main.c:157:6:DWIN_Send	1
../Core/Src/main.c:168:16:dwin_tx_next	1
../Core/Src/main.c:173:16:dwin_tx_queue_empty	1
../Core/Src/main.c:178:16:dwin_tx_queue_full	1
../Core/Src/main.c:183:13:dwin_start_dma_from_tail	3
../Core/Src/main.c:199:6:DWIN_WriteVP	1
../Core/Src/main.c:213:6:dwin_page_change	1
../Core/Src/main.c:229:6:dwin_copy_image	1
../Core/Src/main.c:288:6:dwin_set_flow	1
../Core/Src/main.c:292:6:battery_one_level	1
../Core/Src/main.c:297:6:HAL_UARTEx_RxEventCallback	2
../Core/Src/main.c:313:6:DWIN_ParseFrame	7
../Core/Src/main.c:349:6:display_control	5
../Core/Src/main.c:394:5:main	6
../Core/Src/main.c:482:6:SystemClock_Config	4
../Core/Src/main.c:528:13:MX_USART1_UART_Init	2
../Core/Src/main.c:563:13:MX_USART2_UART_Init	2
../Core/Src/main.c:596:13:MX_DMA_Init	1
../Core/Src/main.c:617:13:MX_GPIO_Init	1
../Core/Src/main.c:653:6:HAL_UART_TxCpltCallback	4
../Core/Src/main.c:675:6:HAL_UART_ErrorCallback	4
../Core/Src/main.c:703:6:Error_Handler	1
