../Core/Src/main.c:103:7:__io_putchar	16	static
../Core/Src/main.c:110:6:DWIN_Send_Blocking	16	static
../Core/Src/main.c:120:6:DWIN_Send_NonBlocking	24	static,ignoring_inline_asm
../Core/Src/main.c:157:6:DWIN_Send	16	static
../Core/Src/main.c:168:16:dwin_tx_next	16	static
../Core/Src/main.c:173:16:dwin_tx_queue_empty	4	static
../Core/Src/main.c:178:16:dwin_tx_queue_full	8	static
../Core/Src/main.c:183:13:dwin_start_dma_from_tail	8	static
../Core/Src/main.c:199:6:DWIN_WriteVP	16	static
../Core/Src/main.c:213:6:dwin_page_change	16	static
../Core/Src/main.c:229:6:dwin_copy_image	24	static
../Core/Src/main.c:288:6:dwin_set_flow	16	static
../Core/Src/main.c:292:6:battery_one_level	32	static
../Core/Src/main.c:297:6:HAL_UARTEx_RxEventCallback	24	static
../Core/Src/main.c:313:6:DWIN_ParseFrame	32	static
../Core/Src/main.c:349:6:display_control	4	static
../Core/Src/main.c:394:5:main	16	static,ignoring_inline_asm
../Core/Src/main.c:482:6:SystemClock_Config	120	static
../Core/Src/main.c:528:13:MX_USART1_UART_Init	8	static
../Core/Src/main.c:563:13:MX_USART2_UART_Init	8	static
../Core/Src/main.c:596:13:MX_DMA_Init	16	static
../Core/Src/main.c:617:13:MX_GPIO_Init	48	static
../Core/Src/main.c:653:6:HAL_UART_TxCpltCallback	16	static,ignoring_inline_asm
../Core/Src/main.c:675:6:HAL_UART_ErrorCallback	16	static,ignoring_inline_asm
../Core/Src/main.c:703:6:Error_Handler	4	static,ignoring_inline_asm
