../Core/Src/main.c:67:6:HAL_UARTEx_RxEventCallback	16	static
../Core/Src/main.c:71:6:HAL_UART_TxCpltCallback	16	static
../Core/Src/main.c:75:6:HAL_UART_ErrorCallback	16	static
../Core/Src/main.c:80:5:__io_putchar	16	static
../Core/Src/main.c:93:5:main	16	static
../Core/Src/main.c:160:6:SystemClock_Config	120	static
../Core/Src/main.c:206:13:MX_USART1_UART_Init	8	static
../Core/Src/main.c:241:13:MX_USART2_UART_Init	8	static
../Core/Src/main.c:274:13:MX_DMA_Init	16	static
../Core/Src/main.c:295:13:MX_GPIO_Init	48	static
../Core/Src/main.c:337:6:Error_Handler	4	static,ignoring_inline_asm
