../Core/Src/main.c:114:6:high_nibble_write	24	static
../Core/Src/main.c:124:6:low_nibble_write	24	static
../Core/Src/main.c:134:6:lcd_data	16	static
../Core/Src/main.c:154:6:lcd_cmd	16	static
../Core/Src/main.c:174:6:toggle_char_down	24	static
../Core/Src/main.c:193:6:delete_char	8	static
../Core/Src/main.c:205:6:lcd_string	16	static
../Core/Src/main.c:214:6:HAL_GPIO_EXTI_Callback	16	static
../Core/Src/main.c:229:5:main	8	static
../Core/Src/main.c:399:6:SystemClock_Config	72	static
../Core/Src/main.c:438:13:MX_GPIO_Init	48	static
../Core/Src/main.c:497:6:Error_Handler	4	static,ignoring_inline_asm
