21:22:20 **** Incremental Build of configuration Debug for project led_pot_task_non_blocking ****
make -j4 all 
arm-none-eabi-gcc "../Core/Src/main.c" -mcpu=cortex-m4 -std=gnu11 -g3 -DDEBUG -DUSE_HAL_DRIVER -DSTM32F302x8 -c -I../Core/Inc -I../Drivers/STM32F3xx_HAL_Driver/Inc -I../Drivers/STM32F3xx_HAL_Driver/Inc/Legacy -I../Drivers/CMSIS/Device/ST/STM32F3xx/Include -I../Drivers/CMSIS/Include -I../Middlewares/Third_Party/FreeRTOS/Source/include -I../Middlewares/Third_Party/FreeRTOS/Source/CMSIS_RTOS -I../Middlewares/Third_Party/FreeRTOS/Source/portable/GCC/ARM_CM4F -O0 -ffunction-sections -fdata-sections -Wall -fstack-usage -fcyclomatic-complexity -MMD -MP -MF"Core/Src/main.d" -MT"Core/Src/main.o" --specs=nano.specs -mfpu=fpv4-sp-d16 -mfloat-abi=hard -mthumb -o "Core/Src/main.o"
arm-none-eabi-gcc -o "led_pot_task_non_blocking.elf" @"objects.list"   -mcpu=cortex-m4 -T"B:\stm32f302 projects\stm32f302 freeRtos workspace\led_pot_task_non_blocking\STM32F302R8TX_FLASH.ld" --specs=nosys.specs -Wl,-Map="led_pot_task_non_blocking.map" -Wl,--gc-sections -static --specs=nano.specs -mfpu=fpv4-sp-d16 -mfloat-abi=hard -mthumb -Wl,--start-group -lc -lm -Wl,--end-group
Finished building target: led_pot_task_non_blocking.elf
 
arm-none-eabi-size  led_pot_task_non_blocking.elf 
arm-none-eabi-objdump -h -S led_pot_task_non_blocking.elf  > "led_pot_task_non_blocking.list"
   text	   data	    bss	    dec	    hex	filename
  20200	     96	   6144	  26440	   6748	led_pot_task_non_blocking.elf
Finished building: default.size.stdout
 
Finished building: led_pot_task_non_blocking.list
 

21:22:22 Build Finished. 0 errors, 0 warnings. (took 1s.368ms)

