20:45:22 **** Incremental Build of configuration Debug for project rotatory_encoder ****
make -j4 all 
arm-none-eabi-gcc "../Core/Src/main.c" -mcpu=cortex-m4 -std=gnu11 -g3 -DDEBUG -DUSE_HAL_DRIVER -DSTM32F302x8 -c -I../Core/Inc -I../Drivers/STM32F3xx_HAL_Driver/Inc -I../Drivers/STM32F3xx_HAL_Driver/Inc/Legacy -I../Drivers/CMSIS/Device/ST/STM32F3xx/Include -I../Drivers/CMSIS/Include -I../Middlewares/Third_Party/FreeRTOS/Source/include -I../Middlewares/Third_Party/FreeRTOS/Source/CMSIS_RTOS -I../Middlewares/Third_Party/FreeRTOS/Source/portable/GCC/ARM_CM4F -O0 -ffunction-sections -fdata-sections -Wall -fstack-usage -fcyclomatic-complexity -MMD -MP -MF"Core/Src/main.d" -MT"Core/Src/main.o" --specs=nano.specs -mfpu=fpv4-sp-d16 -mfloat-abi=hard -mthumb -o "Core/Src/main.o"
arm-none-eabi-gcc -o "rotatory_encoder.elf" @"objects.list"   -mcpu=cortex-m4 -T"B:\stm32f302 projects\stm32f302 freeRtos workspace\rotatory_encoder\STM32F302R8TX_FLASH.ld" --specs=nosys.specs -Wl,-Map="rotatory_encoder.map" -Wl,--gc-sections -static --specs=nano.specs -mfpu=fpv4-sp-d16 -mfloat-abi=hard -mthumb -Wl,--start-group -lc -lm -Wl,--end-group
Finished building target: rotatory_encoder.elf
 
arm-none-eabi-size  rotatory_encoder.elf 
arm-none-eabi-objdump -h -S rotatory_encoder.elf  > "rotatory_encoder.list"
   text	   data	    bss	    dec	    hex	filename
  15536	     96	   6056	  21688	   54b8	rotatory_encoder.elf
Finished building: default.size.stdout
 
Finished building: rotatory_encoder.list
 

20:45:24 Build Finished. 0 errors, 0 warnings. (took 2s.455ms)

