21:08:47 **** Incremental Build of configuration Debug for project test_task ****
make -j4 all 
arm-none-eabi-gcc "../Core/Src/main.c" -mcpu=cortex-m4 -std=gnu11 -g3 -DDEBUG -DUSE_HAL_DRIVER -DSTM32F302x8 -c -I../Core/Inc -I../Drivers/STM32F3xx_HAL_Driver/Inc -I../Drivers/STM32F3xx_HAL_Driver/Inc/Legacy -I../Drivers/CMSIS/Device/ST/STM32F3xx/Include -I../Drivers/CMSIS/Include -I../Middlewares/Third_Party/FreeRTOS/Source/include -I../Middlewares/Third_Party/FreeRTOS/Source/CMSIS_RTOS -I../Middlewares/Third_Party/FreeRTOS/Source/portable/GCC/ARM_CM4F -O0 -ffunction-sections -fdata-sections -Wall -fstack-usage -fcyclomatic-complexity -MMD -MP -MF"Core/Src/main.d" -MT"Core/Src/main.o" --specs=nano.specs -mfpu=fpv4-sp-d16 -mfloat-abi=hard -mthumb -o "Core/Src/main.o"
arm-none-eabi-gcc -o "test_task.elf" @"objects.list"   -mcpu=cortex-m4 -T"B:\stm32f302 projects\stm32f302 freeRtos workspace\test_task\STM32F302R8TX_FLASH.ld" --specs=nosys.specs -Wl,-Map="test_task.map" -Wl,--gc-sections -static --specs=nano.specs -mfpu=fpv4-sp-d16 -mfloat-abi=hard -mthumb -Wl,--start-group -lc -lm -Wl,--end-group
Finished building target: test_task.elf
 
arm-none-eabi-size  test_task.elf 
arm-none-eabi-objdump -h -S test_task.elf  > "test_task.list"
   text	   data	    bss	    dec	    hex	filename
  21780	     96	   8208	  30084	   7584	test_task.elf
Finished building: default.size.stdout
 
Finished building: test_task.list
 

21:08:49 Build Finished. 0 errors, 0 warnings. (took 1s.719ms)

