../Core/Src/main.c:99:6:channel_select	2
../Core/Src/main.c:115:6:HAL_GPIO_EXTI_Callback	2
../Core/Src/main.c:149:5:main	1
../Core/Src/main.c:241:6:SystemClock_Config	4
../Core/Src/main.c:289:13:MX_ADC1_Init	3
../Core/Src/main.c:346:13:MX_GPIO_Init	1
../Core/Src/main.c:383:6:led_task	3
../Core/Src/main.c:406:6:lpt_task	1
../Core/Src/main.c:422:6:adc1_task	2
../Core/Src/main.c:447:6:adc2_task	2
../Core/Src/main.c:471:6:button_task	2
../Core/Src/main.c:530:6:HAL_TIM_PeriodElapsedCallback	2
../Core/Src/main.c:547:6:Error_Handler	1
