../Core/Src/main.c:84:6:sendCommandToDwin	16	static
../Core/Src/main.c:91:6:page_change	16	static
../Core/Src/main.c:97:7:read_display	8	static
../Core/Src/main.c:118:6:HAL_UART_RxCpltCallback	24	static
../Core/Src/main.c:135:6:stateMachine	8	static
../Core/Src/main.c:180:6:processTouchInput	16	static
../Core/Src/main.c:197:6:sendPageChangeCommand	8	static
../Core/Src/main.c:203:6:processAck	4	static
../Core/Src/main.c:222:5:main	8	static
../Core/Src/main.c:305:6:SystemClock_Config	120	static
../Core/Src/main.c:352:13:MX_USART1_UART_Init	8	static
../Core/Src/main.c:387:13:MX_USART2_UART_Init	8	static
../Core/Src/main.c:422:13:MX_USART3_UART_Init	8	static
../Core/Src/main.c:457:13:MX_GPIO_Init	48	static
../Core/Src/main.c:497:6:Error_Handler	4	static,ignoring_inline_asm
