../Core/Src/display.c:44:6:sendCommandToDwin	16	static
../Core/Src/display.c:52:6:start_animation	8	static
../Core/Src/display.c:56:6:stop_animation	8	static
../Core/Src/display.c:60:6:off_led1	8	static
../Core/Src/display.c:64:6:on_led1	8	static
../Core/Src/display.c:69:6:off_led2	8	static
../Core/Src/display.c:73:6:on_led2	8	static
../Core/Src/display.c:79:6:page_change	16	static
../Core/Src/display.c:85:6:process_data	8	static
../Core/Src/display.c:135:6:HAL_UART_TxCpltCallback	16	static
../Core/Src/display.c:139:6:HAL_UART_RxCpltCallback	16	static
../Core/Src/display.c:147:6:HAL_ADC_ConvCpltCallback	16	static
../Core/Src/display.c:152:6:adc_value	16	static
../Core/Src/display.c:167:6:channel_select	40	static
../Core/Src/display.c:192:6:uart_func	8	static
../Core/Src/display.c:202:6:adc_func	8	static
../Core/Src/display.c:219:6:blink_led1	8	static
../Core/Src/display.c:236:6:blink_led2	8	static
