../Core/Src/main.c:94:6:byte_write	24	static
../Core/Src/main.c:116:6:high_nibble_write	24	static
../Core/Src/main.c:126:6:low_nibble_write	24	static
../Core/Src/main.c:136:6:lcd_data	16	static
../Core/Src/main.c:156:6:lcd_cmd	16	static
../Core/Src/main.c:175:6:lcd_string	16	static
../Core/Src/main.c:186:6:adc_select_ch1	32	static
../Core/Src/main.c:210:6:adc_select_ch2	32	static
../Core/Src/main.c:232:6:adc_select_ch5	32	static
../Core/Src/main.c:254:6:print_adc	8	static
../Core/Src/main.c:279:6:print	40	static
../Core/Src/main.c:367:5:main	8	static
../Core/Src/main.c:434:6:SystemClock_Config	120	static
../Core/Src/main.c:481:13:MX_ADC1_Init	8	static
../Core/Src/main.c:538:13:MX_GPIO_Init	40	static
../Core/Src/main.c:580:6:Error_Handler	4	static,ignoring_inline_asm
